[01:03:32] ======================================================================
[01:03:32] Fluxo selecionado iniciado
[01:03:32] Arquivo de log: C:\Users\giorg\Documents\GitHub\AI_REWARDS\logs\execucao_20260523_010332.log
[01:03:32] ======================================================================
[01:03:32] Iniciando fluxo selecionado...
[01:03:32] Preparando automacao completa.
[01:03:32] Coordenadas carregadas: {'icone_extensao': (-313, 64), 'double_click_scroll': (-27, 303), 'card_1': (-622, 400), 'card_2': (-596, 510), 'card_3': (-581, 608), 'voltar': (-1894, 54)}
[01:03:32] Abrindo o Microsoft Edge...
[01:03:32] Pressionando tecla Windows.
[01:03:33] Digitando app no menu iniciar: EDGE
[01:03:33] Pressionando Enter para abrir o app.
[01:03:34] Aguardando Edge abrir por 4.00s.
[01:03:38] Clicando no icone da extensao...
[01:03:38] Abrindo extensao por deteccao de imagem.
[01:03:38] Rodando deteccao do alvo 'icone_extensao' com 7 template(s), confianca 0.82, match forte 0.95.
[01:03:42] Alvo 'icone_extensao' retornou 1 resultado(s).
[01:03:42] Melhor alvo 'icone_extensao': x=-309, y=68, score=1.00.
[01:03:42] Coordenada do alvo visual 'icone_extensao' salva no cache desta execucao.
[01:03:42] Clicando alvo visual 'icone_extensao': x=-309, y=68.
[01:03:42] Aguardando 2.91s (apos_icone_extensao: 2.0-5.0s).
[01:03:45] Rolando painel e procurando cards com +10/+5 ate o fim do scroll (limite de seguranca: 40).
[01:03:45] Painel Rewards nao encontrado automaticamente.
[01:03:45] Painel Rewards nao foi detectado. A nova versao nao vai usar coordenada fixa para scroll.
[01:03:45] Automacao interrompida.
[01:03:45] Finalizando thread do fluxo completo.
