[17:22:34] ======================================================================
[17:22:34] Fluxo selecionado iniciado
[17:22:34] Arquivo de log: C:\Users\giorg\Documents\GitHub\AI_REWARDS\logs\execucao_20260524_172234.log
[17:22:34] ======================================================================
[17:22:34] Iniciando fluxo selecionado...
[17:22:34] Preparando automacao completa.
[17:22:34] Coordenadas carregadas: {'icone_extensao': (-313, 64), 'double_click_scroll': (-27, 303), 'card_1': (-622, 400), 'card_2': (-596, 510), 'card_3': (-581, 608), 'voltar': (-1894, 54)}
[17:22:34] Abrindo o Microsoft Edge...
[17:22:34] Pressionando tecla Windows.
[17:22:35] Digitando app no menu iniciar: EDGE
[17:22:36] Pressionando Enter para abrir o app.
[17:22:36] Aguardando Edge abrir por 4.00s.
[17:22:40] Clicando no icone da extensao...
[17:22:40] Abrindo extensao por deteccao de imagem.
[17:22:40] Rodando deteccao do alvo 'icone_extensao' com 7 template(s), confianca 0.82, match forte 0.95.
[17:22:41] Alvo 'icone_extensao' retornou 1 resultado(s).
[17:22:41] Melhor alvo 'icone_extensao': x=-312, y=69, score=0.99.
[17:22:41] Coordenada do alvo visual 'icone_extensao' salva no cache desta execucao.
[17:22:41] Clicando alvo visual 'icone_extensao': x=-312, y=69.
[17:22:41] Aguardando 3.35s (apos_icone_extensao: 2.0-5.0s).
[17:22:44] Rolando painel e procurando cards com +10/+5 ate o fim do scroll (limite de seguranca: 40).
[17:22:45] Painel Rewards detectado automaticamente: x=-494, y=41, w=470, h=974, score=12.13, origem=logo_expandido, logo=1.00, fechar=1.00.
[17:22:45] Clicando uma vez no topo seguro do painel detectado: x=-114, y=75.
[17:22:45] Procurando +10/+5 na area visivel antes de rolar...
[17:22:45] Rodando deteccao +10/+5 com 21 template(s), confianca 0.85.
[17:22:46] Painel Rewards detectado automaticamente: x=-494, y=41, w=470, h=974, score=12.13, origem=logo_expandido, logo=1.00, fechar=1.00.
[17:22:46] Busca de bonus limitada ao painel Rewards: x=-494, y=41, w=470, h=974.
[17:22:47] Deteccao retornou 0 resultado(s).
[17:22:47] Todos os alvos encontrados ja foram clicados nessa execucao.
[17:22:47] Nenhum +10/+5 visivel nesta posicao. Agora vou rolar.
[17:22:47] Rolando painel (1/40)...
[17:22:48] Painel Rewards detectado automaticamente: x=-59, y=47, w=480, h=885, score=11.91, origem=logo, logo=1.00, fechar=1.00.
[17:22:48] Movendo mouse para dentro do painel detectado: x=181, y=489.
[17:22:48] Painel Rewards detectado automaticamente: x=-59, y=47, w=480, h=885, score=11.90, origem=logo, logo=1.00, fechar=1.00.
[17:22:48] Detector de fim do scroll usando regiao x=-59, y=47, w=480, h=885.
[17:22:48] Rolando mouse em 5 passo(s), direcao=-1.
[17:22:48] Scroll do mouse 1/5.
[17:22:49] Scroll do mouse 2/5.
[17:22:49] Scroll do mouse 3/5.
[17:22:49] Scroll do mouse 4/5.
[17:22:49] Scroll do mouse 5/5.
[17:22:50] Painel Rewards detectado automaticamente: x=-59, y=47, w=480, h=885, score=11.91, origem=logo, logo=1.00, fechar=1.00.
[17:22:50] Diferenca visual do painel apos scroll: 0.22 (fim se <= 1.00).
[17:22:50] Detector visual do painel indicou fim do scroll.
[17:22:50] Procurando +10/+5 na area visivel antes de rolar...
[17:22:50] Rodando deteccao +10/+5 com 21 template(s), confianca 0.85.
[17:22:51] Painel Rewards detectado automaticamente: x=-59, y=47, w=480, h=885, score=11.90, origem=logo, logo=1.00, fechar=1.00.
[17:22:51] Busca de bonus limitada ao painel Rewards: x=-59, y=47, w=480, h=885.
[17:22:52] Deteccao retornou 0 resultado(s).
[17:22:52] Todos os alvos encontrados ja foram clicados nessa execucao.
[17:22:52] Fim do scroll detectado e nenhum +10/+5 novo encontrado.
[17:22:52] Nenhum card com +10/+5 encontrado. Seguindo sem clicar.
[17:22:52] Conjunto diario concluido. Iniciando pesquisas...
[17:22:54] Automacao pausada. Clique em Resumir para continuar.
