[00:35:47] ======================================================================
[00:35:47] Fluxo selecionado iniciado
[00:35:47] Arquivo de log: C:\Users\giorg\Documents\GitHub\AI_REWARDS\logs\execucao_20260529_003547.log
[00:35:47] ======================================================================
[00:35:47] Iniciando fluxo selecionado...
[00:35:47] Preparando automacao completa.
[00:35:47] Coordenadas carregadas: {'icone_extensao': (-313, 64), 'double_click_scroll': (-27, 303), 'card_1': (-622, 400), 'card_2': (-596, 510), 'card_3': (-581, 608), 'voltar': (-1894, 54)}
[00:35:47] Abrindo o Microsoft Edge...
[00:35:47] Pressionando tecla Windows.
[00:35:48] Digitando app no menu iniciar: EDGE
[00:35:49] Pressionando Enter para abrir o app.
[00:35:49] Aguardando Edge abrir por 4.00s.
[00:35:53] Procurando janela do Edge para enviar ao segundo monitor.
[00:35:54] Aplicando atalhos: Win+Shift+Up e Win+Shift+Left.
[00:35:55] Atalhos aplicados no Edge: Não é possível atualizar o Microsoft Edge
[00:35:55] Clicando no icone da extensao...
[00:35:55] Abrindo extensao por deteccao de imagem.
[00:35:55] Busca do alvo 'icone_extensao' limitada a area provavel: x=-1920, y=0, w=3840, h=190.
[00:35:55] Rodando deteccao do alvo 'icone_extensao' com 8 template(s), confianca 0.82, match forte 0.95.
[00:35:56] Alvo 'icone_extensao' retornou 0 resultado(s).
[00:35:56] Alvo 'icone_extensao' nao encontrado no tamanho original. Tentando busca flexivel com escalas [0.9, 0.95, 1.0, 1.05, 1.1] e confianca 0.70.
[00:36:01] Automacao pausada. Clique em Resumir para continuar.
[00:36:02] Busca flexivel do alvo 'icone_extensao' retornou 0 resultado(s).
[00:36:17] Cancelando automacao... aguardando etapa atual parar.
[00:36:17] Automacao interrompida.
[00:36:17] Finalizando thread do fluxo completo.
