[00:27:00] ======================================================================
[00:27:00] Fluxo selecionado iniciado
[00:27:00] Arquivo de log: C:\Users\giorg\Documents\GitHub\AI_REWARDS\logs\execucao_20260529_002700.log
[00:27:00] ======================================================================
[00:27:00] Iniciando fluxo selecionado...
[00:27:00] Preparando automacao completa.
[00:27:00] Coordenadas carregadas: {'icone_extensao': (-313, 64), 'double_click_scroll': (-27, 303), 'card_1': (-622, 400), 'card_2': (-596, 510), 'card_3': (-581, 608), 'voltar': (-1894, 54)}
[00:27:00] Abrindo o Microsoft Edge...
[00:27:00] Pressionando tecla Windows.
[00:27:01] Digitando app no menu iniciar: EDGE
[00:27:01] Pressionando Enter para abrir o app.
[00:27:02] Aguardando Edge abrir por 4.00s.
[00:27:06] Procurando janela do Edge para mover ao segundo monitor.
[00:27:06] Nao encontrei a janela do Edge para mover ao segundo monitor.
[00:27:06] Clicando no icone da extensao...
[00:27:06] Abrindo extensao por deteccao de imagem.
[00:27:06] Busca do alvo 'icone_extensao' limitada a area provavel: x=-1920, y=0, w=3840, h=190.
[00:27:06] Rodando deteccao do alvo 'icone_extensao' com 8 template(s), confianca 0.82, match forte 0.95.
[00:27:07] Alvo 'icone_extensao' retornou 1 resultado(s).
[00:27:08] Melhor alvo 'icone_extensao': x=1671, y=55, score=0.91, escala=1.00.
[00:27:08] Coordenada do alvo visual 'icone_extensao' salva no cache desta execucao.
[00:27:08] Clicando alvo visual 'icone_extensao': x=1671, y=55.
[00:27:08] Aguardando 3.26s (apos_icone_extensao: 2.0-5.0s).
[00:27:10] Automacao pausada. Clique em Resumir para continuar.
[00:27:12] Cancelando automacao... aguardando etapa atual parar.
[00:27:12] Automacao interrompida.
[00:27:12] Finalizando thread do fluxo completo.
