[17:36:27] ======================================================================
[17:36:27] Fluxo selecionado iniciado
[17:36:27] Arquivo de log: C:\Users\giorg\Documents\GitHub\AI_REWARDS\logs\execucao_20260524_173627.log
[17:36:27] ======================================================================
[17:36:27] Iniciando fluxo selecionado...
[17:36:27] Preparando automacao completa.
[17:36:27] Coordenadas carregadas: {'icone_extensao': (-313, 64), 'double_click_scroll': (-27, 303), 'card_1': (-622, 400), 'card_2': (-596, 510), 'card_3': (-581, 608), 'voltar': (-1894, 54)}
[17:36:27] Abrindo o Microsoft Edge...
[17:36:27] Pressionando tecla Windows.
[17:36:27] Digitando app no menu iniciar: EDGE
[17:36:28] Pressionando Enter para abrir o app.
[17:36:28] Aguardando Edge abrir por 4.00s.
[17:36:32] Clicando no icone da extensao...
[17:36:32] Abrindo extensao por deteccao de imagem.
[17:36:32] Rodando deteccao do alvo 'icone_extensao' com 7 template(s), confianca 0.82, match forte 0.95.
[17:36:33] Alvo 'icone_extensao' retornou 1 resultado(s).
[17:36:33] Melhor alvo 'icone_extensao': x=-312, y=69, score=0.99.
[17:36:33] Coordenada do alvo visual 'icone_extensao' salva no cache desta execucao.
[17:36:33] Clicando alvo visual 'icone_extensao': x=-312, y=69.
[17:36:33] Aguardando 4.25s (apos_icone_extensao: 2.0-5.0s).
[17:36:38] Rolando painel e procurando cards com +10/+5 ate o fim do scroll (limite de seguranca: 40).
[17:36:38] Focando area de scroll pelo alvo treinado 'Exibir painel'.
[17:36:38] Rodando deteccao do alvo 'exibir_painel' com 19 template(s), confianca 0.82, match forte 0.95.
[17:36:38] Alvo 'exibir_painel' retornou 1 resultado(s).
[17:36:38] Melhor alvo 'exibir_painel': x=-169, y=249, score=1.00.
[17:36:38] Coordenada do alvo visual 'exibir_painel' salva no cache desta execucao.
[17:36:38] Clicando alvo visual 'exibir_painel': x=-169, y=319.
[17:36:39] Procurando +10/+5 na area visivel antes de rolar...
[17:36:39] Rodando deteccao +10/+5 com 21 template(s), confianca 0.85.
[17:36:39] Painel Rewards detectado automaticamente: x=-494, y=41, w=470, h=974, score=12.13, origem=logo_expandido, logo=1.00, fechar=1.00.
[17:36:39] Busca de bonus limitada ao painel Rewards: x=-494, y=41, w=470, h=974.
[17:36:41] Deteccao retornou 0 resultado(s).
[17:36:41] Todos os alvos encontrados ja foram clicados nessa execucao.
[17:36:41] Nenhum +10/+5 visivel nesta posicao. Agora vou rolar.
[17:36:41] Rolando painel (1/40)...
[17:36:41] Area de scroll ancorada em 'Exibir painel' (cache): x=-169, y=319.
[17:36:41] Movendo mouse abaixo de 'Exibir painel': x=-169, y=319.
[17:36:42] Painel Rewards detectado automaticamente: x=-494, y=41, w=470, h=974, score=12.13, origem=logo_expandido, logo=1.00, fechar=1.00.
[17:36:42] Detector de fim do scroll usando regiao x=-494, y=41, w=470, h=974.
[17:36:42] Rolando mouse em 5 passo(s), direcao=-1.
[17:36:42] Scroll do mouse 1/5.
[17:36:42] Scroll do mouse 2/5.
[17:36:42] Scroll do mouse 3/5.
[17:36:43] Scroll do mouse 4/5.
[17:36:43] Scroll do mouse 5/5.
[17:36:44] Painel Rewards detectado automaticamente: x=-494, y=41, w=470, h=974, score=12.13, origem=logo_expandido, logo=1.00, fechar=1.00.
[17:36:44] Scroll interno detectado por barra cinza: antes_y=360, depois_y=518, delta=158, fim=False.
[17:36:44] Procurando +10/+5 na area visivel antes de rolar...
[17:36:44] Rodando deteccao +10/+5 com 21 template(s), confianca 0.85.
[17:36:45] Painel Rewards detectado automaticamente: x=-494, y=41, w=470, h=974, score=12.13, origem=logo_expandido, logo=1.00, fechar=1.00.
[17:36:45] Busca de bonus limitada ao painel Rewards: x=-494, y=41, w=470, h=974.
[17:36:46] Deteccao retornou 0 resultado(s).
[17:36:46] Todos os alvos encontrados ja foram clicados nessa execucao.
[17:36:46] Nenhum +10/+5 visivel nesta posicao. Agora vou rolar.
[17:36:46] Rolando painel (2/40)...
[17:36:47] Area de scroll ancorada em 'Exibir painel' (cache): x=-169, y=319.
[17:36:47] Movendo mouse abaixo de 'Exibir painel': x=-169, y=319.
[17:36:47] Painel Rewards detectado automaticamente: x=-494, y=41, w=470, h=974, score=12.13, origem=logo_expandido, logo=1.00, fechar=1.00.
[17:36:47] Detector de fim do scroll usando regiao x=-494, y=41, w=470, h=974.
[17:36:47] Rolando mouse em 5 passo(s), direcao=-1.
[17:36:47] Scroll do mouse 1/5.
[17:36:48] Scroll do mouse 2/5.
[17:36:48] Scroll do mouse 3/5.
[17:36:48] Scroll do mouse 4/5.
[17:36:48] Scroll do mouse 5/5.
[17:36:49] Painel Rewards detectado automaticamente: x=-494, y=41, w=470, h=974, score=12.13, origem=logo_expandido, logo=1.00, fechar=1.00.
[17:36:49] Scroll interno detectado por barra cinza: antes_y=518, depois_y=677, delta=159, fim=False.
[17:36:49] Procurando +10/+5 na area visivel antes de rolar...
[17:36:49] Rodando deteccao +10/+5 com 21 template(s), confianca 0.85.
[17:36:50] Painel Rewards detectado automaticamente: x=-494, y=41, w=470, h=974, score=12.13, origem=logo_expandido, logo=1.00, fechar=1.00.
[17:36:50] Busca de bonus limitada ao painel Rewards: x=-494, y=41, w=470, h=974.
[17:36:51] Deteccao retornou 3 resultado(s).
[17:36:51] Alvo validado como bonus com '+': x=-105, y=490, h=12/9, v=12/6.
[17:36:51] Melhor alvo bonus: x=-105, y=490, score=0.97, template=C:\Users\giorg\Documents\GitHub\AI_REWARDS\assets\treino_plus_10\plus_10_20260522_131512_900621.png.
[17:36:51] Card bonus encontrado (1/3). Clicando...
[17:36:51] Movendo mouse para alvo detectado: x=-105, y=490 (offset 0, 0).
[17:36:51] Enviando clique no card detectado.
[17:36:51] Aguardando 2.60s (apos_card_detectado: 2.0-5.0s).
[17:36:54] Rodando deteccao do alvo 'voltar' com 3 template(s), confianca 0.82, match forte 0.95.
[17:36:55] Alvo 'voltar' retornou 1 resultado(s).
[17:36:55] Melhor alvo 'voltar': x=-1885, y=67, score=1.00.
[17:36:55] Coordenada do alvo visual 'voltar' salva no cache desta execucao.
[17:36:55] Clicando alvo visual 'voltar': x=-1885, y=67.
[17:36:55] Aguardando 3.82s (apos_voltar_card_detectado: 2.0-5.0s).
[17:36:59] Voltamos do card. Conferindo a mesma area antes de rolar.
[17:36:59] Procurando +10/+5 na area visivel antes de rolar...
[17:36:59] Rodando deteccao +10/+5 com 21 template(s), confianca 0.85.
[17:36:59] Painel Rewards detectado automaticamente: x=-494, y=41, w=470, h=974, score=12.13, origem=logo_expandido, logo=1.00, fechar=1.00.
[17:36:59] Busca de bonus limitada ao painel Rewards: x=-494, y=41, w=470, h=974.
[17:37:00] Deteccao retornou 2 resultado(s).
[17:37:00] Alvo validado como bonus com '+': x=-105, y=640, h=12/9, v=12/6.
[17:37:00] Melhor alvo bonus: x=-105, y=640, score=0.94, template=C:\Users\giorg\Documents\GitHub\AI_REWARDS\assets\treino_plus_10\plus_10_20260522_131512_900621.png.
[17:37:00] Card bonus encontrado (2/3). Clicando...
[17:37:00] Movendo mouse para alvo detectado: x=-105, y=640 (offset 0, 0).
[17:37:01] Enviando clique no card detectado.
[17:37:01] Aguardando 3.95s (apos_card_detectado: 2.0-5.0s).
[17:37:05] Usando coordenada em cache para alvo visual 'voltar': x=-1885, y=67.
[17:37:05] Clicando alvo visual 'voltar': x=-1885, y=67.
[17:37:05] Aguardando 3.10s (apos_voltar_card_detectado: 2.0-5.0s).
[17:37:08] Voltamos do card. Conferindo a mesma area antes de rolar.
[17:37:08] Procurando +10/+5 na area visivel antes de rolar...
[17:37:08] Rodando deteccao +10/+5 com 21 template(s), confianca 0.85.
[17:37:09] Painel Rewards detectado automaticamente: x=-494, y=41, w=470, h=974, score=12.13, origem=logo_expandido, logo=1.00, fechar=1.00.
[17:37:09] Busca de bonus limitada ao painel Rewards: x=-494, y=41, w=470, h=974.
[17:37:09] Deteccao retornou 1 resultado(s).
[17:37:09] Alvo validado como bonus com '+': x=-105, y=789, h=12/9, v=12/6.
[17:37:10] Melhor alvo bonus: x=-105, y=789, score=0.97, template=C:\Users\giorg\Documents\GitHub\AI_REWARDS\assets\treino_plus_10\plus_10_20260522_131512_900621.png.
[17:37:10] Card bonus encontrado (3/3). Clicando...
[17:37:10] Movendo mouse para alvo detectado: x=-105, y=789 (offset 0, 0).
[17:37:10] Enviando clique no card detectado.
[17:37:10] Aguardando 4.96s (apos_card_detectado: 2.0-5.0s).
[17:37:15] Usando coordenada em cache para alvo visual 'voltar': x=-1885, y=67.
[17:37:15] Clicando alvo visual 'voltar': x=-1885, y=67.
[17:37:15] Aguardando 4.70s (apos_voltar_card_detectado: 2.0-5.0s).
[17:37:20] Voltamos do card. Conferindo a mesma area antes de rolar.
[17:37:20] 3 card(s) bonus executado(s).
[17:37:20] Conjunto diario concluido. Iniciando pesquisas...
[17:37:23] Iniciando sessao de pesquisas: 20 busca(s).
[17:37:23] Busca 1 de 20...
[17:37:23] Buscando 2 palavra(s) na API.
[17:37:23] API de palavras falhou. Usando palavras locais.
[17:37:23] Palavras locais escolhidas: ['calendar', 'calendar']
[17:37:23] Texto da busca 1: calendar calendar
[17:37:23] Nova versao ativa: focando barra do Edge com Ctrl+L.
[17:37:24] Limpando barra de busca com Ctrl+A e Delete.
[17:37:24] Digitando busca letra por letra.
[17:37:29] Pressionando Enter para pesquisar.
[17:37:29] Aguardando 7.36s ate a proxima busca.
[17:37:37] Busca 2 de 20...
[17:37:37] Buscando 1 palavra(s) na API.
[17:37:37] API de palavras falhou. Usando palavras locais.
[17:37:37] Palavras locais escolhidas: ['sports']
[17:37:37] Texto da busca 2: sports
[17:37:37] Nova versao ativa: focando barra do Edge com Ctrl+L.
[17:37:38] Limpando barra de busca com Ctrl+A e Delete.
[17:37:38] Digitando busca letra por letra.
[17:37:40] Pressionando Enter para pesquisar.
[17:37:40] Aguardando 7.14s ate a proxima busca.
[17:37:47] Busca 3 de 20...
[17:37:47] Buscando 1 palavra(s) na API.
[17:37:47] API de palavras falhou. Usando palavras locais.
[17:37:47] Palavras locais escolhidas: ['travel']
[17:37:47] Texto da busca 3: travel
[17:37:47] Nova versao ativa: focando barra do Edge com Ctrl+L.
[17:37:48] Limpando barra de busca com Ctrl+A e Delete.
[17:37:49] Digitando busca letra por letra.
[17:37:50] Pressionando Enter para pesquisar.
[17:37:50] Aguardando 5.14s ate a proxima busca.
[17:37:56] Busca 4 de 20...
[17:37:56] Buscando 1 palavra(s) na API.
[17:37:56] API de palavras falhou. Usando palavras locais.
[17:37:56] Palavras locais escolhidas: ['science']
[17:37:56] Texto da busca 4: science
[17:37:56] Nova versao ativa: focando barra do Edge com Ctrl+L.
[17:37:57] Limpando barra de busca com Ctrl+A e Delete.
[17:37:57] Digitando busca letra por letra.
[17:37:59] Pressionando Enter para pesquisar.
[17:37:59] Aguardando 7.60s ate a proxima busca.
[17:38:07] Busca 5 de 20...
[17:38:07] Buscando 1 palavra(s) na API.
[17:38:07] API de palavras falhou. Usando palavras locais.
[17:38:07] Palavras locais escolhidas: ['music']
[17:38:07] Texto da busca 5: music
[17:38:07] Nova versao ativa: focando barra do Edge com Ctrl+L.
[17:38:08] Limpando barra de busca com Ctrl+A e Delete.
[17:38:08] Digitando busca letra por letra.
[17:38:10] Pressionando Enter para pesquisar.
[17:38:10] Aguardando 7.79s ate a proxima busca.
[17:38:18] Busca 6 de 20...
[17:38:18] Buscando 2 palavra(s) na API.
[17:38:18] API de palavras falhou. Usando palavras locais.
[17:38:18] Palavras locais escolhidas: ['calendar', 'technology']
[17:38:18] Texto da busca 6: calendar technology
[17:38:18] Nova versao ativa: focando barra do Edge com Ctrl+L.
[17:38:19] Limpando barra de busca com Ctrl+A e Delete.
[17:38:19] Digitando busca letra por letra.
[17:38:25] Pressionando Enter para pesquisar.
[17:38:25] Aguardando 7.75s ate a proxima busca.
[17:38:33] Busca 7 de 20...
[17:38:33] Buscando 3 palavra(s) na API.
[17:38:33] API de palavras falhou. Usando palavras locais.
[17:38:33] Palavras locais escolhidas: ['history', 'sports', 'python']
[17:38:33] Texto da busca 7: history sports python
[17:38:33] Nova versao ativa: focando barra do Edge com Ctrl+L.
[17:38:34] Limpando barra de busca com Ctrl+A e Delete.
[17:38:34] Digitando busca letra por letra.
[17:38:40] Pressionando Enter para pesquisar.
[17:38:40] Aguardando 6.36s ate a proxima busca.
[17:38:46] Busca 8 de 20...
[17:38:46] Buscando 3 palavra(s) na API.
[17:38:47] API de palavras falhou. Usando palavras locais.
[17:38:47] Palavras locais escolhidas: ['coffee', 'music', 'technology']
[17:38:47] Texto da busca 8: coffee music technology
[17:38:47] Nova versao ativa: focando barra do Edge com Ctrl+L.
[17:38:47] Limpando barra de busca com Ctrl+A e Delete.
[17:38:48] Digitando busca letra por letra.
[17:38:54] Pressionando Enter para pesquisar.
[17:38:55] Aguardando 6.43s ate a proxima busca.
[17:39:01] Busca 9 de 20...
[17:39:01] Buscando 2 palavra(s) na API.
[17:39:01] API de palavras falhou. Usando palavras locais.
[17:39:01] Palavras locais escolhidas: ['travel', 'garden']
[17:39:01] Texto da busca 9: travel garden
[17:39:01] Nova versao ativa: focando barra do Edge com Ctrl+L.
[17:39:02] Limpando barra de busca com Ctrl+A e Delete.
[17:39:03] Digitando busca letra por letra.
[17:39:06] Pressionando Enter para pesquisar.
[17:39:06] Aguardando 6.48s ate a proxima busca.
[17:39:13] Busca 10 de 20...
[17:39:13] Buscando 1 palavra(s) na API.
[17:39:13] API de palavras falhou. Usando palavras locais.
[17:39:13] Palavras locais escolhidas: ['travel']
[17:39:13] Texto da busca 10: travel
[17:39:13] Nova versao ativa: focando barra do Edge com Ctrl+L.
[17:39:14] Limpando barra de busca com Ctrl+A e Delete.
[17:39:14] Digitando busca letra por letra.
[17:39:16] Pressionando Enter para pesquisar.
[17:39:16] Aguardando 6.00s ate a proxima busca.
[17:39:22] Busca 11 de 20...
[17:39:22] Buscando 3 palavra(s) na API.
[17:39:23] API de palavras falhou. Usando palavras locais.
[17:39:23] Palavras locais escolhidas: ['maps', 'calendar', 'travel']
[17:39:23] Texto da busca 11: maps calendar travel
[17:39:23] Nova versao ativa: focando barra do Edge com Ctrl+L.
[17:39:23] Limpando barra de busca com Ctrl+A e Delete.
[17:39:24] Digitando busca letra por letra.
[17:39:29] Pressionando Enter para pesquisar.
[17:39:30] Aguardando 7.98s ate a proxima busca.
[17:39:38] Busca 12 de 20...
[17:39:38] Buscando 1 palavra(s) na API.
[17:39:38] API de palavras falhou. Usando palavras locais.
[17:39:38] Palavras locais escolhidas: ['recipe']
[17:39:38] Texto da busca 12: recipe
[17:39:38] Nova versao ativa: focando barra do Edge com Ctrl+L.
[17:39:39] Limpando barra de busca com Ctrl+A e Delete.
[17:39:39] Digitando busca letra por letra.
[17:39:41] Pressionando Enter para pesquisar.
[17:39:41] Aguardando 7.19s ate a proxima busca.
[17:39:48] Busca 13 de 20...
[17:39:48] Buscando 3 palavra(s) na API.
[17:39:49] API de palavras falhou. Usando palavras locais.
[17:39:49] Palavras locais escolhidas: ['technology', 'health', 'sports']
[17:39:49] Texto da busca 13: technology health sports
[17:39:49] Nova versao ativa: focando barra do Edge com Ctrl+L.
[17:39:49] Limpando barra de busca com Ctrl+A e Delete.
[17:39:50] Digitando busca letra por letra.
[17:39:56] Pressionando Enter para pesquisar.
[17:39:57] Aguardando 7.05s ate a proxima busca.
[17:40:04] Busca 14 de 20...
[17:40:04] Buscando 2 palavra(s) na API.
[17:40:04] API de palavras falhou. Usando palavras locais.
[17:40:04] Palavras locais escolhidas: ['sports', 'movie']
[17:40:04] Texto da busca 14: sports movie
[17:40:04] Nova versao ativa: focando barra do Edge com Ctrl+L.
[17:40:05] Limpando barra de busca com Ctrl+A e Delete.
[17:40:05] Digitando busca letra por letra.
[17:40:09] Pressionando Enter para pesquisar.
[17:40:09] Aguardando 7.80s ate a proxima busca.
[17:40:17] Busca 15 de 20...
[17:40:17] Buscando 3 palavra(s) na API.
[17:40:17] API de palavras falhou. Usando palavras locais.
[17:40:17] Palavras locais escolhidas: ['recipe', 'music', 'python']
[17:40:17] Texto da busca 15: recipe music python
[17:40:17] Nova versao ativa: focando barra do Edge com Ctrl+L.
[17:40:18] Limpando barra de busca com Ctrl+A e Delete.
[17:40:18] Digitando busca letra por letra.
[17:40:23] Pressionando Enter para pesquisar.
[17:40:24] Aguardando 7.44s ate a proxima busca.
[17:40:31] Busca 16 de 20...
[17:40:31] Buscando 1 palavra(s) na API.
[17:40:31] API de palavras falhou. Usando palavras locais.
[17:40:31] Palavras locais escolhidas: ['books']
[17:40:31] Texto da busca 16: books
[17:40:31] Nova versao ativa: focando barra do Edge com Ctrl+L.
[17:40:32] Limpando barra de busca com Ctrl+A e Delete.
[17:40:33] Digitando busca letra por letra.
[17:40:34] Pressionando Enter para pesquisar.
[17:40:34] Aguardando 7.03s ate a proxima busca.
[17:40:41] Busca 17 de 20...
[17:40:41] Buscando 3 palavra(s) na API.
[17:40:41] API de palavras falhou. Usando palavras locais.
[17:40:41] Palavras locais escolhidas: ['movie', 'garden', 'language']
[17:40:41] Texto da busca 17: movie garden language
[17:40:41] Nova versao ativa: focando barra do Edge com Ctrl+L.
[17:40:42] Limpando barra de busca com Ctrl+A e Delete.
[17:40:43] Digitando busca letra por letra.
[17:40:49] Pressionando Enter para pesquisar.
[17:40:49] Aguardando 7.87s ate a proxima busca.
[17:40:57] Busca 18 de 20...
[17:40:57] Buscando 2 palavra(s) na API.
[17:40:57] API de palavras falhou. Usando palavras locais.
[17:40:57] Palavras locais escolhidas: ['coffee', 'coffee']
[17:40:57] Texto da busca 18: coffee coffee
[17:40:57] Nova versao ativa: focando barra do Edge com Ctrl+L.
[17:40:58] Limpando barra de busca com Ctrl+A e Delete.
[17:40:58] Digitando busca letra por letra.
[17:41:02] Pressionando Enter para pesquisar.
[17:41:02] Aguardando 6.92s ate a proxima busca.
[17:41:09] Busca 19 de 20...
[17:41:09] Buscando 2 palavra(s) na API.
[17:41:09] API de palavras falhou. Usando palavras locais.
[17:41:09] Palavras locais escolhidas: ['python', 'notebook']
[17:41:09] Texto da busca 19: python notebook
[17:41:09] Nova versao ativa: focando barra do Edge com Ctrl+L.
[17:41:10] Limpando barra de busca com Ctrl+A e Delete.
[17:41:10] Digitando busca letra por letra.
[17:41:14] Pressionando Enter para pesquisar.
[17:41:15] Aguardando 5.88s ate a proxima busca.
[17:41:21] Busca 20 de 20...
[17:41:21] Buscando 3 palavra(s) na API.
[17:41:21] API de palavras falhou. Usando palavras locais.
[17:41:21] Palavras locais escolhidas: ['notebook', 'books', 'python']
[17:41:21] Texto da busca 20: notebook books python
[17:41:21] Nova versao ativa: focando barra do Edge com Ctrl+L.
[17:41:22] Limpando barra de busca com Ctrl+A e Delete.
[17:41:22] Digitando busca letra por letra.
[17:41:28] Pressionando Enter para pesquisar.
[17:41:28] Aguardando 6.88s ate a proxima busca.
[17:41:35] Sessao de pesquisas concluida.
[17:41:35] Fluxo selecionado concluido.
[17:41:35] Finalizando thread do fluxo completo.
