[00:27:40] ======================================================================
[00:27:40] Fluxo selecionado iniciado
[00:27:40] Arquivo de log: C:\Users\giorg\Documents\GitHub\AI_REWARDS\logs\execucao_20260529_002740.log
[00:27:40] ======================================================================
[00:27:40] Iniciando fluxo selecionado...
[00:27:40] Preparando automacao completa.
[00:27:40] Coordenadas carregadas: {'icone_extensao': (-313, 64), 'double_click_scroll': (-27, 303), 'card_1': (-622, 400), 'card_2': (-596, 510), 'card_3': (-581, 608), 'voltar': (-1894, 54)}
[00:27:40] Abrindo o Microsoft Edge...
[00:27:40] Pressionando tecla Windows.
[00:27:41] Digitando app no menu iniciar: EDGE
[00:27:42] Pressionando Enter para abrir o app.
[00:27:42] Aguardando Edge abrir por 4.00s.
[00:27:46] Procurando janela do Edge para mover ao segundo monitor.
[00:27:46] Movendo Edge para o segundo monitor: x=-1920, y=0, w=1920, h=1080.
[00:27:46] Edge movido para o segundo monitor: Não é possível atualizar o Microsoft Edge
[00:27:47] Clicando no icone da extensao...
[00:27:47] Abrindo extensao por deteccao de imagem.
[00:27:47] Busca do alvo 'icone_extensao' limitada a area provavel: x=-1920, y=0, w=3840, h=190.
[00:27:47] Rodando deteccao do alvo 'icone_extensao' com 8 template(s), confianca 0.82, match forte 0.95.
[00:27:48] Alvo 'icone_extensao' retornou 0 resultado(s).
[00:27:48] Alvo 'icone_extensao' nao encontrado no tamanho original. Tentando busca flexivel com escalas [0.9, 0.95, 1.0, 1.05, 1.1] e confianca 0.70.
[00:27:53] Busca flexivel do alvo 'icone_extensao' retornou 0 resultado(s).
[00:27:53] Alvo 'icone_extensao' ainda nao encontrado. Tentando busca flexivel em tons de cinza.
[00:27:55] Busca flexivel em tons de cinza do alvo 'icone_extensao' retornou 3 resultado(s).
[00:27:55] Melhor alvo 'icone_extensao': x=-424, y=98, score=0.75, escala=0.90.
[00:27:55] Coordenada do alvo visual 'icone_extensao' salva no cache desta execucao.
[00:27:55] Clicando alvo visual 'icone_extensao': x=-424, y=98.
[00:27:56] Cancelando automacao... aguardando etapa atual parar.
[00:27:56] Automacao interrompida.
[00:27:56] Finalizando thread do fluxo completo.
