[15:13:49] ======================================================================
[15:13:49] Fluxo completo iniciado
[15:13:49] Arquivo de log: C:\Users\giorg\Documents\GitHub\AI_REWARDS\logs\execucao_20260522_151349.log
[15:13:49] ======================================================================
[15:13:49] Iniciando conjunto diario + pesquisas...
[15:13:49] Preparando automacao completa.
[15:13:49] Coordenadas carregadas: {'icone_extensao': (-313, 64), 'double_click_scroll': (-27, 303), 'card_1': (-622, 400), 'card_2': (-596, 510), 'card_3': (-581, 608), 'voltar': (-1894, 54)}
[15:13:49] Abrindo o Microsoft Edge...
[15:13:49] Pressionando tecla Windows.
[15:13:49] Digitando app no menu iniciar: EDGE
[15:13:50] Pressionando Enter para abrir o app.
[15:13:50] Aguardando Edge abrir por 4.00s.
[15:13:55] Clicando no icone da extensao...
[15:13:55] Movendo mouse para 'icone_extensao': x=-313, y=64.
[15:13:55] Enviando clique em 'icone_extensao'.
[15:13:55] Aguardando 3.47s (apos_icone_extensao: 2.0-5.0s).
[15:13:58] Rolando painel e procurando cards com +10 ate o fim do scroll (limite de seguranca: 40).
[15:13:58] Clicando uma vez para focar a area de scroll: x=-27, y=303.
[15:13:58] Rolando painel (1/40)...
[15:13:58] Movendo mouse para a area de scroll sem clicar: x=-27, y=303.
[15:13:59] Detector de fim do scroll usando regiao x=-647, y=0, w=700, h=793.
[15:13:59] Rolando mouse em 2 passo(s), direcao=-1.
[15:13:59] Scroll do mouse 1/2.
[15:13:59] Scroll do mouse 2/2.
[15:14:00] Diferenca visual apos scroll: 14.35 (fim se <= 1.00).
[15:14:00] Procurando +10 na area visivel...
[15:14:00] Rodando deteccao com 21 template(s), confianca 0.85.
[15:14:16] Deteccao retornou 0 resultado(s).
[15:14:16] Todos os alvos encontrados ja foram clicados nessa execucao.
[15:14:16] Nenhum +10 encontrado depois desse scroll.
[15:14:16] Rolando painel (2/40)...
[15:14:16] Movendo mouse para a area de scroll sem clicar: x=-27, y=303.
[15:14:16] Detector de fim do scroll usando regiao x=-647, y=0, w=700, h=793.
[15:14:16] Rolando mouse em 2 passo(s), direcao=-1.
[15:14:16] Scroll do mouse 1/2.
[15:14:16] Scroll do mouse 2/2.
[15:14:17] Diferenca visual apos scroll: 12.45 (fim se <= 1.00).
[15:14:17] Procurando +10 na area visivel...
[15:14:17] Rodando deteccao com 21 template(s), confianca 0.85.
[15:14:33] Deteccao retornou 0 resultado(s).
[15:14:33] Todos os alvos encontrados ja foram clicados nessa execucao.
[15:14:33] Nenhum +10 encontrado depois desse scroll.
[15:14:33] Rolando painel (3/40)...
[15:14:33] Movendo mouse para a area de scroll sem clicar: x=-27, y=303.
[15:14:33] Detector de fim do scroll usando regiao x=-647, y=0, w=700, h=793.
[15:14:33] Rolando mouse em 2 passo(s), direcao=-1.
[15:14:33] Scroll do mouse 1/2.
[15:14:33] Scroll do mouse 2/2.
[15:14:34] Diferenca visual apos scroll: 12.40 (fim se <= 1.00).
[15:14:34] Procurando +10 na area visivel...
[15:14:34] Rodando deteccao com 21 template(s), confianca 0.85.
[15:14:50] Deteccao retornou 0 resultado(s).
[15:14:50] Todos os alvos encontrados ja foram clicados nessa execucao.
[15:14:50] Nenhum +10 encontrado depois desse scroll.
[15:14:50] Rolando painel (4/40)...
[15:14:50] Movendo mouse para a area de scroll sem clicar: x=-27, y=303.
[15:14:50] Detector de fim do scroll usando regiao x=-647, y=0, w=700, h=793.
[15:14:50] Rolando mouse em 2 passo(s), direcao=-1.
[15:14:50] Scroll do mouse 1/2.
[15:14:50] Scroll do mouse 2/2.
[15:14:51] Diferenca visual apos scroll: 12.46 (fim se <= 1.00).
[15:14:51] Procurando +10 na area visivel...
[15:14:51] Rodando deteccao com 21 template(s), confianca 0.85.
[15:15:06] Deteccao retornou 0 resultado(s).
[15:15:06] Todos os alvos encontrados ja foram clicados nessa execucao.
[15:15:06] Nenhum +10 encontrado depois desse scroll.
[15:15:06] Rolando painel (5/40)...
[15:15:06] Movendo mouse para a area de scroll sem clicar: x=-27, y=303.
[15:15:07] Detector de fim do scroll usando regiao x=-647, y=0, w=700, h=793.
[15:15:07] Rolando mouse em 2 passo(s), direcao=-1.
[15:15:07] Scroll do mouse 1/2.
[15:15:07] Scroll do mouse 2/2.
[15:15:07] Diferenca visual apos scroll: 11.91 (fim se <= 1.00).
[15:15:07] Procurando +10 na area visivel...
[15:15:07] Rodando deteccao com 21 template(s), confianca 0.85.
[15:15:22] Deteccao retornou 0 resultado(s).
[15:15:22] Todos os alvos encontrados ja foram clicados nessa execucao.
[15:15:22] Nenhum +10 encontrado depois desse scroll.
[15:15:22] Rolando painel (6/40)...
[15:15:22] Movendo mouse para a area de scroll sem clicar: x=-27, y=303.
[15:15:22] Detector de fim do scroll usando regiao x=-647, y=0, w=700, h=793.
[15:15:22] Rolando mouse em 2 passo(s), direcao=-1.
[15:15:22] Scroll do mouse 1/2.
[15:15:23] Scroll do mouse 2/2.
[15:15:23] Diferenca visual apos scroll: 0.42 (fim se <= 1.00).
[15:15:23] Detector indicou fim do scroll.
[15:15:23] Procurando +10 na area visivel...
[15:15:23] Rodando deteccao com 21 template(s), confianca 0.85.
[15:15:38] Deteccao retornou 0 resultado(s).
[15:15:38] Todos os alvos encontrados ja foram clicados nessa execucao.
[15:15:38] Fim do scroll detectado e nenhum +10 novo encontrado.
[15:15:38] Nenhum card com +10 encontrado. Seguindo sem clicar.
[15:15:38] Conjunto diario concluido. Iniciando pesquisas...
[15:15:41] Iniciando sessao de pesquisas: 20 busca(s).
[15:15:41] Busca 1 de 20...
[15:15:41] Buscando 2 palavra(s) na API.
[15:15:41] API de palavras falhou. Usando palavras locais.
[15:15:41] Palavras locais escolhidas: ['music', 'sports']
[15:15:41] Texto da busca 1: music sports
[15:15:41] Focando barra do Edge com Ctrl+L.
[15:15:42] Limpando barra de busca com Ctrl+A e Delete.
[15:15:43] Digitando busca letra por letra.
[15:15:44] Automacao interrompida pelo usuario.
[15:15:44] Finalizando thread do fluxo completo.
