[09:46:14] ======================================================================
[09:46:14] Fluxo selecionado iniciado
[09:46:14] Arquivo de log: C:\Users\giorg\Documents\GitHub\AI_REWARDS\logs\execucao_20260528_094614.log
[09:46:14] ======================================================================
[09:46:14] Iniciando fluxo selecionado...
[09:46:14] Preparando automacao completa.
[09:46:14] Coordenadas carregadas: {'icone_extensao': (-313, 64), 'double_click_scroll': (-27, 303), 'card_1': (-622, 400), 'card_2': (-596, 510), 'card_3': (-581, 608), 'voltar': (-1894, 54)}
[09:46:14] Abrindo o Microsoft Edge...
[09:46:14] Pressionando tecla Windows.
[09:46:15] Digitando app no menu iniciar: EDGE
[09:46:15] Pressionando Enter para abrir o app.
[09:46:16] Aguardando Edge abrir por 4.00s.
[09:46:20] Clicando no icone da extensao...
[09:46:20] Abrindo extensao por deteccao de imagem.
[09:46:20] Rodando deteccao do alvo 'icone_extensao' com 7 template(s), confianca 0.82, match forte 0.95.
[09:46:20] Alvo 'icone_extensao' retornou 1 resultado(s).
[09:46:20] Melhor alvo 'icone_extensao': x=-312, y=69, score=0.99.
[09:46:20] Coordenada do alvo visual 'icone_extensao' salva no cache desta execucao.
[09:46:20] Clicando alvo visual 'icone_extensao': x=-312, y=69.
[09:46:21] Aguardando 3.06s (apos_icone_extensao: 2.0-5.0s).
[09:46:24] Rolando painel e procurando cards com +10/+5 ate o fim do scroll (limite de seguranca: 40).
[09:46:24] Focando area de scroll pelo alvo treinado 'Exibir painel'.
[09:46:24] Rodando deteccao do alvo 'exibir_painel' com 19 template(s), confianca 0.82, match forte 0.95.
[09:46:25] Alvo 'exibir_painel' retornou 1 resultado(s).
[09:46:25] Melhor alvo 'exibir_painel': x=-169, y=249, score=0.99.
[09:46:25] Coordenada do alvo visual 'exibir_painel' salva no cache desta execucao.
[09:46:25] Clicando alvo visual 'exibir_painel': x=-169, y=319.
[09:46:25] Procurando +10/+5 na area visivel antes de rolar...
[09:46:25] Rodando deteccao +10/+5 com 21 template(s), confianca 0.85.
[09:46:26] Painel Rewards detectado automaticamente: x=445, y=91, w=480, h=885, score=12.14, origem=logo, logo=1.00, fechar=1.00.
[09:46:26] Busca de bonus limitada ao painel Rewards: x=445, y=91, w=480, h=885.
[09:46:27] Deteccao retornou 0 resultado(s).
[09:46:27] Todos os alvos encontrados ja foram clicados nessa execucao.
[09:46:27] Nenhum +10/+5 visivel nesta posicao. Agora vou rolar.
[09:46:27] Rolando painel (1/40)...
[09:46:27] Area de scroll ancorada em 'Exibir painel' (cache): x=-169, y=319.
[09:46:27] Movendo mouse abaixo de 'Exibir painel': x=-169, y=319.
[09:46:28] Painel Rewards detectado automaticamente: x=445, y=91, w=480, h=885, score=12.14, origem=logo, logo=1.00, fechar=1.00.
[09:46:28] Detector de fim do scroll usando regiao x=445, y=91, w=480, h=885.
[09:46:28] Rolando mouse em 5 passo(s), direcao=-1.
[09:46:28] Scroll do mouse 1/5.
[09:46:29] Scroll do mouse 2/5.
[09:46:29] Scroll do mouse 3/5.
[09:46:29] Scroll do mouse 4/5.
[09:46:29] Scroll do mouse 5/5.
[09:46:31] Painel Rewards detectado automaticamente: x=445, y=91, w=480, h=885, score=12.14, origem=logo, logo=1.00, fechar=1.00.
[09:46:31] Diferenca visual do painel apos scroll: 0.42 (fim se <= 1.00).
[09:46:31] Detector visual do painel indicou fim do scroll.
[09:46:31] Procurando +10/+5 na area visivel antes de rolar...
[09:46:31] Rodando deteccao +10/+5 com 21 template(s), confianca 0.85.
[09:46:32] Painel Rewards detectado automaticamente: x=445, y=91, w=480, h=885, score=12.14, origem=logo, logo=1.00, fechar=1.00.
[09:46:32] Busca de bonus limitada ao painel Rewards: x=445, y=91, w=480, h=885.
[09:46:34] Deteccao retornou 0 resultado(s).
[09:46:34] Todos os alvos encontrados ja foram clicados nessa execucao.
[09:46:34] Fim do scroll detectado e nenhum +10/+5 novo encontrado.
[09:46:34] Nenhum card com +10/+5 encontrado. Seguindo sem clicar.
[09:46:34] Conjunto diário concluído. Iniciando Pesquisar com o Bing...
[09:46:38] Iniciando Pesquisar com o Bing: 20 busca(s).
[09:46:38] Busca 1 de 20...
[09:46:38] Buscando 2 palavra(s) na API.
[09:46:38] API de palavras falhou. Usando palavras locais.
[09:46:38] Palavras locais escolhidas: ['space', 'notebook']
[09:46:38] Texto da busca 1: space notebook
[09:46:38] Nova versao ativa: focando barra do Edge com Ctrl+L.
[09:46:39] Limpando barra de busca com Ctrl+A e Delete.
[09:46:40] Digitando busca letra por letra.
[09:46:44] Pressionando Enter para pesquisar.
[09:46:44] Aguardando 5.91s ate a proxima busca.
[09:46:47] Automacao pausada. Clique em Resumir para continuar.
[09:46:56] Cancelando automacao...
[09:46:56] Automacao interrompida pelo usuario.
[09:46:56] Finalizando thread do fluxo completo.
