[22:08:32] ======================================================================
[22:08:32] Fluxo completo iniciado
[22:08:32] Arquivo de log: C:\Users\giorg\Documents\GitHub\AI_REWARDS\logs\execucao_20260522_220832.log
[22:08:32] ======================================================================
[22:08:32] Iniciando conjunto diario + pesquisas...
[22:08:32] Preparando automacao completa.
[22:08:32] Coordenadas carregadas: {'icone_extensao': (-313, 64), 'double_click_scroll': (-27, 303), 'card_1': (-622, 400), 'card_2': (-596, 510), 'card_3': (-581, 608), 'voltar': (-1894, 54)}
[22:08:32] Abrindo o Microsoft Edge...
[22:08:32] Pressionando tecla Windows.
[22:08:33] Digitando app no menu iniciar: EDGE
[22:08:34] Pressionando Enter para abrir o app.
[22:08:34] Aguardando Edge abrir por 4.00s.
[22:08:38] Clicando no icone da extensao...
[22:08:38] Movendo mouse para 'icone_extensao': x=-313, y=64.
[22:08:38] Enviando clique em 'icone_extensao'.
[22:08:38] Aguardando 3.87s (apos_icone_extensao: 2.0-5.0s).
[22:08:42] Rolando painel e procurando cards com +10 ate o fim do scroll (limite de seguranca: 40).
[22:08:42] Clicando uma vez para focar a area de scroll: x=-27, y=303.
[22:08:42] Rolando painel (1/40)...
[22:08:42] Movendo mouse para a area de scroll sem clicar: x=-27, y=303.
[22:08:43] Detector de fim do scroll usando regiao x=-647, y=0, w=700, h=793.
[22:08:43] Rolando mouse em 2 passo(s), direcao=-1.
[22:08:43] Scroll do mouse 1/2.
[22:08:43] Scroll do mouse 2/2.
[22:08:43] Diferenca visual apos scroll: 13.17 (fim se <= 1.00).
[22:08:43] Procurando +10 na area visivel...
[22:08:43] Rodando deteccao com 21 template(s), confianca 0.85.
[22:08:59] Deteccao retornou 0 resultado(s).
[22:08:59] Todos os alvos encontrados ja foram clicados nessa execucao.
[22:08:59] Nenhum +10 encontrado depois desse scroll.
[22:08:59] Rolando painel (2/40)...
[22:08:59] Movendo mouse para a area de scroll sem clicar: x=-27, y=303.
[22:08:59] Detector de fim do scroll usando regiao x=-647, y=0, w=700, h=793.
[22:08:59] Rolando mouse em 2 passo(s), direcao=-1.
[22:08:59] Scroll do mouse 1/2.
[22:08:59] Scroll do mouse 2/2.
[22:09:00] Diferenca visual apos scroll: 12.38 (fim se <= 1.00).
[22:09:00] Procurando +10 na area visivel...
[22:09:00] Rodando deteccao com 21 template(s), confianca 0.85.
[22:09:15] Deteccao retornou 0 resultado(s).
[22:09:15] Todos os alvos encontrados ja foram clicados nessa execucao.
[22:09:15] Nenhum +10 encontrado depois desse scroll.
[22:09:15] Rolando painel (3/40)...
[22:09:15] Movendo mouse para a area de scroll sem clicar: x=-27, y=303.
[22:09:15] Detector de fim do scroll usando regiao x=-647, y=0, w=700, h=793.
[22:09:15] Rolando mouse em 2 passo(s), direcao=-1.
[22:09:15] Scroll do mouse 1/2.
[22:09:15] Scroll do mouse 2/2.
[22:09:16] Diferenca visual apos scroll: 12.71 (fim se <= 1.00).
[22:09:16] Procurando +10 na area visivel...
[22:09:16] Rodando deteccao com 21 template(s), confianca 0.85.
[22:09:30] Deteccao retornou 0 resultado(s).
[22:09:30] Todos os alvos encontrados ja foram clicados nessa execucao.
[22:09:30] Nenhum +10 encontrado depois desse scroll.
[22:09:30] Rolando painel (4/40)...
[22:09:30] Movendo mouse para a area de scroll sem clicar: x=-27, y=303.
[22:09:30] Detector de fim do scroll usando regiao x=-647, y=0, w=700, h=793.
[22:09:30] Rolando mouse em 2 passo(s), direcao=-1.
[22:09:30] Scroll do mouse 1/2.
[22:09:30] Scroll do mouse 2/2.
[22:09:31] Diferenca visual apos scroll: 12.89 (fim se <= 1.00).
[22:09:31] Procurando +10 na area visivel...
[22:09:31] Rodando deteccao com 21 template(s), confianca 0.85.
[22:09:46] Deteccao retornou 0 resultado(s).
[22:09:46] Todos os alvos encontrados ja foram clicados nessa execucao.
[22:09:46] Nenhum +10 encontrado depois desse scroll.
[22:09:46] Rolando painel (5/40)...
[22:09:46] Movendo mouse para a area de scroll sem clicar: x=-27, y=303.
[22:09:46] Detector de fim do scroll usando regiao x=-647, y=0, w=700, h=793.
[22:09:46] Rolando mouse em 2 passo(s), direcao=-1.
[22:09:46] Scroll do mouse 1/2.
[22:09:46] Scroll do mouse 2/2.
[22:09:47] Diferenca visual apos scroll: 12.97 (fim se <= 1.00).
[22:09:47] Procurando +10 na area visivel...
[22:09:47] Rodando deteccao com 21 template(s), confianca 0.85.
[22:10:02] Deteccao retornou 0 resultado(s).
[22:10:02] Todos os alvos encontrados ja foram clicados nessa execucao.
[22:10:02] Nenhum +10 encontrado depois desse scroll.
[22:10:02] Rolando painel (6/40)...
[22:10:02] Movendo mouse para a area de scroll sem clicar: x=-27, y=303.
[22:10:02] Detector de fim do scroll usando regiao x=-647, y=0, w=700, h=793.
[22:10:02] Rolando mouse em 2 passo(s), direcao=-1.
[22:10:02] Scroll do mouse 1/2.
[22:10:02] Scroll do mouse 2/2.
[22:10:03] Diferenca visual apos scroll: 11.83 (fim se <= 1.00).
[22:10:03] Procurando +10 na area visivel...
[22:10:03] Rodando deteccao com 21 template(s), confianca 0.85.
[22:10:17] Deteccao retornou 0 resultado(s).
[22:10:17] Todos os alvos encontrados ja foram clicados nessa execucao.
[22:10:17] Nenhum +10 encontrado depois desse scroll.
[22:10:17] Rolando painel (7/40)...
[22:10:17] Movendo mouse para a area de scroll sem clicar: x=-27, y=303.
[22:10:17] Detector de fim do scroll usando regiao x=-647, y=0, w=700, h=793.
[22:10:17] Rolando mouse em 2 passo(s), direcao=-1.
[22:10:17] Scroll do mouse 1/2.
[22:10:17] Scroll do mouse 2/2.
[22:10:18] Diferenca visual apos scroll: 10.55 (fim se <= 1.00).
[22:10:18] Procurando +10 na area visivel...
[22:10:18] Rodando deteccao com 21 template(s), confianca 0.85.
[22:10:32] Deteccao retornou 2 resultado(s).
[22:10:32] Alvo ignorado: parece selo concluido/sem '+'. x=-82, y=766, score=0.96, motivo=sem geometria de +, h=6/8, v=3/6.
[22:10:32] Alvo ignorado: parece selo concluido/sem '+'. x=-82, y=838, score=0.94, motivo=sem geometria de +, h=6/8, v=3/6.
[22:10:32] Todos os alvos encontrados ja foram clicados nessa execucao.
[22:10:32] Nenhum +10 encontrado depois desse scroll.
[22:10:33] Rolando painel (8/40)...
[22:10:33] Movendo mouse para a area de scroll sem clicar: x=-27, y=303.
[22:10:33] Detector de fim do scroll usando regiao x=-647, y=0, w=700, h=793.
[22:10:33] Rolando mouse em 2 passo(s), direcao=-1.
[22:10:33] Scroll do mouse 1/2.
[22:10:33] Scroll do mouse 2/2.
[22:10:34] Diferenca visual apos scroll: 9.91 (fim se <= 1.00).
[22:10:34] Procurando +10 na area visivel...
[22:10:34] Rodando deteccao com 21 template(s), confianca 0.85.
