[00:51:31] ======================================================================
[00:51:31] Modo timer iniciado
[00:51:31] Arquivo de log: C:\Users\giorg\Documents\GitHub\AI_REWARDS\logs\execucao_20260529_005131.log
[00:51:31] ======================================================================
[00:51:31] Timer iniciado. Aguardando 1h.
[00:51:31] Timer automatico: faltam 1h.
[00:52:31] Timer automatico: faltam 59min.
[00:53:31] Timer automatico: faltam 58min.
[00:54:31] Timer automatico: faltam 57min.
[00:55:31] Timer automatico: faltam 56min.
[00:56:31] Timer automatico: faltam 55min.
[00:57:31] Timer automatico: faltam 54min.
[00:58:31] Timer automatico: faltam 53min.
[00:59:31] Timer automatico: faltam 52min.
[01:00:32] Timer automatico: faltam 51min.
[01:01:32] Timer automatico: faltam 50min.
[01:02:32] Timer automatico: faltam 49min.
[01:03:32] Timer automatico: faltam 48min.
[01:04:32] Timer automatico: faltam 47min.
[01:05:32] Timer automatico: faltam 46min.
[01:06:32] Timer automatico: faltam 45min.
[01:07:32] Timer automatico: faltam 44min.
[01:08:32] Timer automatico: faltam 43min.
[01:09:32] Timer automatico: faltam 42min.
[01:10:32] Timer automatico: faltam 41min.
[01:11:32] Timer automatico: faltam 39min 59s.
[01:12:32] Timer automatico: faltam 38min 59s.
[01:13:32] Timer automatico: faltam 37min 59s.
[01:14:32] Timer automatico: faltam 36min 59s.
[01:15:32] Timer automatico: faltam 35min 59s.
[01:16:32] Timer automatico: faltam 34min 59s.
[01:17:32] Timer automatico: faltam 33min 59s.
[01:18:32] Timer automatico: faltam 32min 59s.
[01:19:32] Timer automatico: faltam 31min 59s.
[01:20:32] Timer automatico: faltam 30min 59s.
[01:21:32] Timer automatico: faltam 29min 59s.
[01:22:32] Timer automatico: faltam 28min 59s.
[01:23:32] Timer automatico: faltam 27min 59s.
[01:24:32] Timer automatico: faltam 26min 59s.
[01:25:32] Timer automatico: faltam 25min 59s.
[01:26:32] Timer automatico: faltam 24min 59s.
[01:27:32] Timer automatico: faltam 23min 59s.
[01:28:32] Timer automatico: faltam 22min 59s.
[01:29:32] Timer automatico: faltam 21min 59s.
[01:30:32] Timer automatico: faltam 20min 59s.
[01:31:32] Timer automatico: faltam 19min 59s.
[01:32:32] Timer automatico: faltam 18min 59s.
[01:33:32] Timer automatico: faltam 17min 59s.
[01:34:32] Timer automatico: faltam 16min 59s.
[01:35:32] Timer automatico: faltam 15min 59s.
[01:36:33] Timer automatico: faltam 14min 59s.
[01:37:33] Timer automatico: faltam 13min 59s.
[01:38:33] Timer automatico: faltam 12min 59s.
[01:39:33] Timer automatico: faltam 11min 59s.
[01:40:33] Timer automatico: faltam 10min 59s.
[01:41:33] Timer automatico: faltam 9min 59s.
[01:42:33] Timer automatico: faltam 8min 59s.
[01:43:33] Timer automatico: faltam 7min 59s.
[01:44:33] Timer automatico: faltam 6min 59s.
[01:45:33] Timer automatico: faltam 5min 59s.
[01:46:33] Timer automatico: faltam 4min 59s.
[01:47:33] Timer automatico: faltam 3min 59s.
[01:48:33] Timer automatico: faltam 2min 59s.
[01:49:33] Timer automatico: faltam 1min 59s.
[01:50:33] Timer automatico: faltam 59s.
[01:51:31] Timer concluido. Iniciando fluxo selecionado...
[01:51:31] Preparando automacao completa.
[01:51:31] Coordenadas carregadas: {'icone_extensao': (-313, 64), 'double_click_scroll': (-27, 303), 'card_1': (-622, 400), 'card_2': (-596, 510), 'card_3': (-581, 608), 'voltar': (-1894, 54)}
[01:51:31] Abrindo o Microsoft Edge...
[01:51:31] Pressionando tecla Windows.
[01:51:32] Digitando app no menu iniciar: EDGE
[01:51:33] Pressionando Enter para abrir o app.
[01:51:33] Aguardando Edge abrir por 4.00s.
[01:51:37] Procurando janela do Edge para enviar ao segundo monitor.
[01:51:37] Nao encontrei a janela do Edge para enviar ao segundo monitor.
[01:51:37] Clicando no icone da extensao...
[01:51:37] Abrindo extensao por deteccao de imagem.
[01:51:37] Busca do alvo 'icone_extensao' limitada a area provavel: x=-1920, y=0, w=3840, h=190.
[01:51:37] Rodando deteccao do alvo 'icone_extensao' com 8 template(s), confianca 0.82, match forte 0.95.
[01:51:37] Alvo 'icone_extensao' retornou 1 resultado(s).
[01:51:37] Melhor alvo 'icone_extensao': x=-312, y=69, score=0.99, escala=1.00.
[01:51:37] Coordenada do alvo visual 'icone_extensao' salva no cache desta execucao.
[01:51:37] Clicando alvo visual 'icone_extensao': x=-312, y=69.
[01:51:38] Aguardando 3.36s (apos_icone_extensao: 2.0-5.0s).
[01:51:41] Rolando painel e procurando cards com +10/+5 ate o fim do scroll (limite de seguranca: 40).
[01:51:41] Focando area de scroll pelo alvo treinado 'Exibir painel'.
[01:51:41] Rodando deteccao do alvo 'exibir_painel' com 19 template(s), confianca 0.82, match forte 0.95.
[01:51:55] Alvo 'exibir_painel' retornou 0 resultado(s).
[01:51:55] Alvo 'exibir_painel' nao encontrado no tamanho original. Tentando busca flexivel com escalas [0.9, 0.95, 1.0, 1.05, 1.1] e confianca 0.70.
[01:52:55] Busca flexivel do alvo 'exibir_painel' retornou 1 resultado(s).
[01:52:55] Melhor alvo 'exibir_painel': x=-114, y=246, score=0.87, escala=0.90.
[01:52:55] Coordenada do alvo visual 'exibir_painel' salva no cache desta execucao.
[01:52:55] Clicando alvo visual 'exibir_painel': x=-114, y=316.
[01:52:55] Procurando +10/+5 na area visivel antes de rolar...
[01:52:55] Rodando deteccao +10/+5 com 21 template(s), confianca 0.85.
[01:52:56] Painel Rewards detectado automaticamente: x=-447, y=41, w=423, h=1039, score=12.01, origem=logo_expandido, logo=1.00, fechar=1.00.
[01:52:56] Busca de bonus limitada ao painel Rewards: x=-447, y=41, w=423, h=1039.
[01:52:58] Deteccao retornou 0 resultado(s).
[01:52:58] Nenhum bonus novo no primeiro passe. Refazendo busca completa antes de rolar.
[01:53:00] Deteccao completa retornou 0 resultado(s).
[01:53:00] Nenhum bonus novo no tamanho original. Tentando busca flexivel com escalas [0.9, 0.95, 1.0, 1.05, 1.1] e confianca 0.78.
[01:53:08] Deteccao flexivel retornou 0 resultado(s).
[01:53:08] Nenhum bonus novo na busca flexivel colorida. Tentando em tons de cinza.
[01:53:11] Deteccao flexivel em tons de cinza retornou 0 resultado(s).
[01:53:11] Nenhum bonus novo aproveitavel nesta area (ja clicados: 0, sem '+': 0).
[01:53:11] Nenhum +10/+5 visivel nesta posicao. Agora vou rolar.
[01:53:11] Rolando painel (1/40)...
[01:53:11] Area de scroll ancorada em 'Exibir painel' (cache): x=-114, y=316.
[01:53:11] Movendo mouse abaixo de 'Exibir painel': x=-114, y=316.
[01:53:12] Painel Rewards detectado automaticamente: x=-447, y=41, w=423, h=1039, score=12.01, origem=logo_expandido, logo=1.00, fechar=1.00.
[01:53:12] Detector de fim do scroll usando regiao x=-447, y=41, w=423, h=1039.
[01:53:12] Rolando mouse em 5 passo(s), direcao=-1.
[01:53:12] Scroll do mouse 1/5.
[01:53:12] Scroll do mouse 2/5.
[01:53:13] Scroll do mouse 3/5.
[01:53:13] Scroll do mouse 4/5.
[01:53:13] Scroll do mouse 5/5.
[01:53:15] Painel Rewards detectado automaticamente: x=-447, y=41, w=423, h=1039, score=12.01, origem=logo_expandido, logo=1.00, fechar=1.00.
[01:53:15] Scroll interno detectado por barra cinza: antes_y=372, depois_y=563, delta=191, fim=False.
[01:53:15] Procurando +10/+5 na area visivel antes de rolar...
[01:53:15] Rodando deteccao +10/+5 com 21 template(s), confianca 0.85.
[01:53:16] Painel Rewards detectado automaticamente: x=-447, y=41, w=423, h=1039, score=12.01, origem=logo_expandido, logo=1.00, fechar=1.00.
[01:53:16] Busca de bonus limitada ao painel Rewards: x=-447, y=41, w=423, h=1039.
[01:53:18] Deteccao retornou 0 resultado(s).
[01:53:18] Nenhum bonus novo no primeiro passe. Refazendo busca completa antes de rolar.
[01:53:19] Deteccao completa retornou 0 resultado(s).
[01:53:19] Nenhum bonus novo no tamanho original. Tentando busca flexivel com escalas [0.9, 0.95, 1.0, 1.05, 1.1] e confianca 0.78.
[01:53:27] Deteccao flexivel retornou 0 resultado(s).
[01:53:27] Nenhum bonus novo na busca flexivel colorida. Tentando em tons de cinza.
[01:53:30] Deteccao flexivel em tons de cinza retornou 0 resultado(s).
[01:53:30] Nenhum bonus novo aproveitavel nesta area (ja clicados: 0, sem '+': 0).
[01:53:30] Nenhum +10/+5 visivel nesta posicao. Agora vou rolar.
[01:53:30] Rolando painel (2/40)...
[01:53:30] Area de scroll ancorada em 'Exibir painel' (cache): x=-114, y=316.
[01:53:30] Movendo mouse abaixo de 'Exibir painel': x=-114, y=316.
[01:53:31] Painel Rewards detectado automaticamente: x=-447, y=41, w=423, h=1039, score=12.01, origem=logo_expandido, logo=1.00, fechar=1.00.
[01:53:31] Detector de fim do scroll usando regiao x=-447, y=41, w=423, h=1039.
[01:53:31] Rolando mouse em 5 passo(s), direcao=-1.
[01:53:31] Scroll do mouse 1/5.
[01:53:31] Scroll do mouse 2/5.
[01:53:32] Scroll do mouse 3/5.
[01:53:32] Scroll do mouse 4/5.
[01:53:32] Scroll do mouse 5/5.
[01:53:34] Painel Rewards detectado automaticamente: x=-447, y=41, w=423, h=1039, score=12.01, origem=logo_expandido, logo=1.00, fechar=1.00.
[01:53:34] Scroll interno detectado por barra cinza: antes_y=563, depois_y=754, delta=191, fim=False.
[01:53:34] Procurando +10/+5 na area visivel antes de rolar...
[01:53:34] Rodando deteccao +10/+5 com 21 template(s), confianca 0.85.
[01:53:35] Painel Rewards detectado automaticamente: x=-447, y=41, w=423, h=1039, score=12.01, origem=logo_expandido, logo=1.00, fechar=1.00.
[01:53:35] Busca de bonus limitada ao painel Rewards: x=-447, y=41, w=423, h=1039.
[01:53:37] Deteccao retornou 0 resultado(s).
[01:53:37] Nenhum bonus novo no primeiro passe. Refazendo busca completa antes de rolar.
[01:53:38] Deteccao completa retornou 0 resultado(s).
[01:53:38] Nenhum bonus novo no tamanho original. Tentando busca flexivel com escalas [0.9, 0.95, 1.0, 1.05, 1.1] e confianca 0.78.
[01:53:46] Deteccao flexivel retornou 0 resultado(s).
[01:53:46] Nenhum bonus novo na busca flexivel colorida. Tentando em tons de cinza.
[01:53:49] Deteccao flexivel em tons de cinza retornou 0 resultado(s).
[01:53:49] Nenhum bonus novo aproveitavel nesta area (ja clicados: 0, sem '+': 0).
[01:53:49] Nenhum +10/+5 visivel nesta posicao. Agora vou rolar.
[01:53:49] Rolando painel (3/40)...
[01:53:49] Area de scroll ancorada em 'Exibir painel' (cache): x=-114, y=316.
[01:53:49] Movendo mouse abaixo de 'Exibir painel': x=-114, y=316.
[01:53:51] Painel Rewards detectado automaticamente: x=-447, y=41, w=423, h=1039, score=12.01, origem=logo_expandido, logo=1.00, fechar=1.00.
[01:53:51] Detector de fim do scroll usando regiao x=-447, y=41, w=423, h=1039.
[01:53:51] Rolando mouse em 5 passo(s), direcao=-1.
[01:53:51] Scroll do mouse 1/5.
[01:53:51] Scroll do mouse 2/5.
[01:53:51] Scroll do mouse 3/5.
[01:53:52] Scroll do mouse 4/5.
[01:53:52] Scroll do mouse 5/5.
[01:53:54] Painel Rewards detectado automaticamente: x=-447, y=41, w=423, h=1039, score=12.01, origem=logo_expandido, logo=1.00, fechar=1.00.
[01:53:54] Scroll interno detectado por barra cinza: antes_y=754, depois_y=885, delta=131, fim=False.
[01:53:54] Procurando +10/+5 na area visivel antes de rolar...
[01:53:54] Rodando deteccao +10/+5 com 21 template(s), confianca 0.85.
[01:53:55] Painel Rewards detectado automaticamente: x=-447, y=41, w=423, h=1039, score=12.01, origem=logo_expandido, logo=1.00, fechar=1.00.
[01:53:55] Busca de bonus limitada ao painel Rewards: x=-447, y=41, w=423, h=1039.
[01:53:57] Deteccao retornou 0 resultado(s).
[01:53:57] Nenhum bonus novo no primeiro passe. Refazendo busca completa antes de rolar.
[01:53:58] Deteccao completa retornou 0 resultado(s).
[01:53:58] Nenhum bonus novo no tamanho original. Tentando busca flexivel com escalas [0.9, 0.95, 1.0, 1.05, 1.1] e confianca 0.78.
[01:54:06] Deteccao flexivel retornou 2 resultado(s).
[01:54:06] Alvo ignorado: parece selo concluido/sem '+'. x=-84, y=641, score=0.96, motivo=sem geometria de +, h=6/7, v=3/6.
[01:54:06] Alvo ignorado: parece selo concluido/sem '+'. x=-75, y=708, score=0.96, motivo=sem geometria de +, h=6/7, v=3/6.
[01:54:06] Nenhum bonus novo na busca flexivel colorida. Tentando em tons de cinza.
[01:54:09] Deteccao flexivel em tons de cinza retornou 2 resultado(s).
[01:54:09] Alvo ignorado: parece selo concluido/sem '+'. x=-84, y=641, score=0.96, motivo=sem geometria de +, h=6/7, v=3/6.
[01:54:09] Alvo ignorado: parece selo concluido/sem '+'. x=-77, y=705, score=0.96, motivo=sem geometria de +, h=6/7, v=3/6.
[01:54:09] Nenhum bonus novo aproveitavel nesta area (ja clicados: 0, sem '+': 2).
[01:54:09] Nenhum +10/+5 visivel nesta posicao. Agora vou rolar.
[01:54:09] Rolando painel (4/40)...
[01:54:09] Area de scroll ancorada em 'Exibir painel' (cache): x=-114, y=316.
[01:54:09] Movendo mouse abaixo de 'Exibir painel': x=-114, y=316.
[01:54:11] Painel Rewards detectado automaticamente: x=-447, y=41, w=423, h=1039, score=12.01, origem=logo_expandido, logo=1.00, fechar=1.00.
[01:54:11] Detector de fim do scroll usando regiao x=-447, y=41, w=423, h=1039.
[01:54:11] Rolando mouse em 5 passo(s), direcao=-1.
[01:54:11] Scroll do mouse 1/5.
[01:54:11] Scroll do mouse 2/5.
[01:54:11] Scroll do mouse 3/5.
[01:54:11] Scroll do mouse 4/5.
[01:54:12] Scroll do mouse 5/5.
[01:54:13] Painel Rewards detectado automaticamente: x=-447, y=41, w=423, h=1039, score=12.01, origem=logo_expandido, logo=1.00, fechar=1.00.
[01:54:13] Scroll interno detectado por barra cinza: antes_y=885, depois_y=885, delta=0, fim=True.
[01:54:13] Detector da barra interna indicou fim do scroll.
[01:54:13] Procurando +10/+5 na area visivel antes de rolar...
[01:54:13] Rodando deteccao +10/+5 com 21 template(s), confianca 0.85.
[01:54:13] Painel Rewards detectado automaticamente: x=-447, y=41, w=423, h=1039, score=12.01, origem=logo_expandido, logo=1.00, fechar=1.00.
[01:54:13] Busca de bonus limitada ao painel Rewards: x=-447, y=41, w=423, h=1039.
[01:54:15] Deteccao retornou 0 resultado(s).
[01:54:15] Nenhum bonus novo no primeiro passe. Refazendo busca completa antes de rolar.
[01:54:17] Deteccao completa retornou 0 resultado(s).
[01:54:17] Nenhum bonus novo no tamanho original. Tentando busca flexivel com escalas [0.9, 0.95, 1.0, 1.05, 1.1] e confianca 0.78.
[01:54:25] Deteccao flexivel retornou 2 resultado(s).
[01:54:25] Alvo ignorado: parece selo concluido/sem '+'. x=-84, y=641, score=0.96, motivo=sem geometria de +, h=6/7, v=3/6.
[01:54:25] Alvo ignorado: parece selo concluido/sem '+'. x=-75, y=708, score=0.96, motivo=sem geometria de +, h=6/7, v=3/6.
[01:54:25] Nenhum bonus novo na busca flexivel colorida. Tentando em tons de cinza.
[01:54:28] Deteccao flexivel em tons de cinza retornou 2 resultado(s).
[01:54:28] Alvo ignorado: parece selo concluido/sem '+'. x=-84, y=641, score=0.96, motivo=sem geometria de +, h=6/7, v=3/6.
[01:54:28] Alvo ignorado: parece selo concluido/sem '+'. x=-77, y=705, score=0.96, motivo=sem geometria de +, h=6/7, v=3/6.
[01:54:28] Nenhum bonus novo aproveitavel nesta area (ja clicados: 0, sem '+': 2).
[01:54:28] Fim do scroll detectado e nenhum +10/+5 novo encontrado.
[01:54:28] Nenhum card com +10/+5 encontrado. Seguindo sem clicar.
[01:54:28] Conjunto diário concluído. Iniciando Pesquisar com o Bing...
[01:54:33] Iniciando Pesquisar com o Bing: 20 busca(s).
[01:54:33] Busca 1 de 20...
[01:54:33] Buscando 1 palavra(s) na API.
[01:54:33] API de palavras falhou. Usando palavras locais.
[01:54:33] Palavras locais escolhidas: ['travel']
[01:54:33] Texto da busca 1: travel
[01:54:33] Nova versao ativa: focando barra do Edge com Ctrl+L.
[01:54:34] Limpando barra de busca com Ctrl+A e Delete.
[01:54:34] Digitando busca letra por letra.
[01:54:36] Pressionando Enter para pesquisar.
[01:54:36] Aguardando 7.32s ate a proxima busca.
[01:54:44] Busca 2 de 20...
[01:54:44] Buscando 1 palavra(s) na API.
[01:54:44] API de palavras falhou. Usando palavras locais.
[01:54:44] Palavras locais escolhidas: ['technology']
[01:54:44] Texto da busca 2: technology
[01:54:44] Nova versao ativa: focando barra do Edge com Ctrl+L.
[01:54:45] Limpando barra de busca com Ctrl+A e Delete.
[01:54:45] Digitando busca letra por letra.
[01:54:48] Pressionando Enter para pesquisar.
[01:54:48] Aguardando 6.33s ate a proxima busca.
[01:54:55] Busca 3 de 20...
[01:54:55] Buscando 3 palavra(s) na API.
[01:54:55] API de palavras falhou. Usando palavras locais.
[01:54:55] Palavras locais escolhidas: ['sports', 'recipe', 'garden']
[01:54:55] Texto da busca 3: sports recipe garden
[01:54:55] Nova versao ativa: focando barra do Edge com Ctrl+L.
[01:54:56] Limpando barra de busca com Ctrl+A e Delete.
[01:54:56] Digitando busca letra por letra.
[01:55:02] Pressionando Enter para pesquisar.
[01:55:02] Aguardando 5.41s ate a proxima busca.
[01:55:07] Busca 4 de 20...
[01:55:07] Buscando 2 palavra(s) na API.
[01:55:08] API de palavras falhou. Usando palavras locais.
[01:55:08] Palavras locais escolhidas: ['notebook', 'movie']
[01:55:08] Texto da busca 4: notebook movie
[01:55:08] Nova versao ativa: focando barra do Edge com Ctrl+L.
[01:55:08] Limpando barra de busca com Ctrl+A e Delete.
[01:55:09] Digitando busca letra por letra.
[01:55:13] Pressionando Enter para pesquisar.
[01:55:13] Aguardando 5.80s ate a proxima busca.
[01:55:19] Busca 5 de 20...
[01:55:19] Buscando 3 palavra(s) na API.
[01:55:19] API de palavras falhou. Usando palavras locais.
[01:55:19] Palavras locais escolhidas: ['music', 'travel', 'python']
[01:55:19] Texto da busca 5: music travel python
[01:55:19] Nova versao ativa: focando barra do Edge com Ctrl+L.
[01:55:20] Limpando barra de busca com Ctrl+A e Delete.
[01:55:20] Digitando busca letra por letra.
[01:55:26] Pressionando Enter para pesquisar.
[01:55:26] Aguardando 6.77s ate a proxima busca.
[01:55:33] Busca 6 de 20...
[01:55:33] Buscando 3 palavra(s) na API.
[01:55:33] API de palavras falhou. Usando palavras locais.
[01:55:33] Palavras locais escolhidas: ['travel', 'maps', 'space']
[01:55:33] Texto da busca 6: travel maps space
[01:55:33] Nova versao ativa: focando barra do Edge com Ctrl+L.
[01:55:34] Limpando barra de busca com Ctrl+A e Delete.
[01:55:34] Digitando busca letra por letra.
[01:55:39] Pressionando Enter para pesquisar.
[01:55:39] Aguardando 5.95s ate a proxima busca.
[01:55:45] Busca 7 de 20...
[01:55:45] Buscando 3 palavra(s) na API.
[01:55:45] API de palavras falhou. Usando palavras locais.
[01:55:45] Palavras locais escolhidas: ['garden', 'space', 'technology']
[01:55:45] Texto da busca 7: garden space technology
[01:55:45] Nova versao ativa: focando barra do Edge com Ctrl+L.
[01:55:46] Limpando barra de busca com Ctrl+A e Delete.
[01:55:47] Digitando busca letra por letra.
[01:55:53] Pressionando Enter para pesquisar.
[01:55:53] Aguardando 7.29s ate a proxima busca.
[01:56:00] Busca 8 de 20...
[01:56:00] Buscando 2 palavra(s) na API.
[01:56:01] API de palavras falhou. Usando palavras locais.
[01:56:01] Palavras locais escolhidas: ['weather', 'music']
[01:56:01] Texto da busca 8: weather music
[01:56:01] Nova versao ativa: focando barra do Edge com Ctrl+L.
[01:56:01] Limpando barra de busca com Ctrl+A e Delete.
[01:56:02] Digitando busca letra por letra.
[01:56:06] Pressionando Enter para pesquisar.
[01:56:06] Aguardando 5.29s ate a proxima busca.
[01:56:11] Busca 9 de 20...
[01:56:11] Buscando 1 palavra(s) na API.
[01:56:11] API de palavras falhou. Usando palavras locais.
[01:56:11] Palavras locais escolhidas: ['recipe']
[01:56:11] Texto da busca 9: recipe
[01:56:11] Nova versao ativa: focando barra do Edge com Ctrl+L.
[01:56:12] Limpando barra de busca com Ctrl+A e Delete.
[01:56:13] Digitando busca letra por letra.
[01:56:14] Pressionando Enter para pesquisar.
[01:56:15] Aguardando 7.53s ate a proxima busca.
[01:56:22] Busca 10 de 20...
[01:56:22] Buscando 1 palavra(s) na API.
[01:56:22] API de palavras falhou. Usando palavras locais.
[01:56:22] Palavras locais escolhidas: ['garden']
[01:56:22] Texto da busca 10: garden
[01:56:22] Nova versao ativa: focando barra do Edge com Ctrl+L.
[01:56:23] Limpando barra de busca com Ctrl+A e Delete.
[01:56:24] Digitando busca letra por letra.
[01:56:25] Pressionando Enter para pesquisar.
[01:56:26] Aguardando 6.24s ate a proxima busca.
[01:56:32] Busca 11 de 20...
[01:56:32] Buscando 1 palavra(s) na API.
[01:56:32] API de palavras falhou. Usando palavras locais.
[01:56:32] Palavras locais escolhidas: ['technology']
[01:56:32] Texto da busca 11: technology
[01:56:32] Nova versao ativa: focando barra do Edge com Ctrl+L.
[01:56:33] Limpando barra de busca com Ctrl+A e Delete.
[01:56:33] Digitando busca letra por letra.
[01:56:36] Pressionando Enter para pesquisar.
[01:56:36] Aguardando 7.88s ate a proxima busca.
[01:56:44] Busca 12 de 20...
[01:56:44] Buscando 3 palavra(s) na API.
[01:56:45] API de palavras falhou. Usando palavras locais.
[01:56:45] Palavras locais escolhidas: ['maps', 'python', 'science']
[01:56:45] Texto da busca 12: maps python science
[01:56:45] Nova versao ativa: focando barra do Edge com Ctrl+L.
[01:56:45] Limpando barra de busca com Ctrl+A e Delete.
[01:56:46] Digitando busca letra por letra.
[01:56:51] Pressionando Enter para pesquisar.
[01:56:51] Aguardando 5.66s ate a proxima busca.
[01:56:57] Busca 13 de 20...
[01:56:57] Buscando 2 palavra(s) na API.
[01:56:57] API de palavras falhou. Usando palavras locais.
[01:56:57] Palavras locais escolhidas: ['sports', 'history']
[01:56:57] Texto da busca 13: sports history
[01:56:57] Nova versao ativa: focando barra do Edge com Ctrl+L.
[01:56:58] Limpando barra de busca com Ctrl+A e Delete.
[01:56:59] Digitando busca letra por letra.
[01:57:02] Pressionando Enter para pesquisar.
[01:57:03] Aguardando 6.44s ate a proxima busca.
[01:57:09] Busca 14 de 20...
[01:57:09] Buscando 1 palavra(s) na API.
[01:57:09] API de palavras falhou. Usando palavras locais.
[01:57:09] Palavras locais escolhidas: ['maps']
[01:57:09] Texto da busca 14: maps
[01:57:09] Nova versao ativa: focando barra do Edge com Ctrl+L.
[01:57:10] Limpando barra de busca com Ctrl+A e Delete.
[01:57:11] Digitando busca letra por letra.
[01:57:12] Pressionando Enter para pesquisar.
[01:57:12] Aguardando 5.09s ate a proxima busca.
[01:57:17] Busca 15 de 20...
[01:57:17] Buscando 2 palavra(s) na API.
[01:57:17] API de palavras falhou. Usando palavras locais.
[01:57:17] Palavras locais escolhidas: ['python', 'notebook']
[01:57:17] Texto da busca 15: python notebook
[01:57:17] Nova versao ativa: focando barra do Edge com Ctrl+L.
[01:57:18] Limpando barra de busca com Ctrl+A e Delete.
[01:57:19] Digitando busca letra por letra.
[01:57:23] Pressionando Enter para pesquisar.
[01:57:23] Aguardando 6.69s ate a proxima busca.
[01:57:30] Busca 16 de 20...
[01:57:30] Buscando 2 palavra(s) na API.
[01:57:30] API de palavras falhou. Usando palavras locais.
[01:57:30] Palavras locais escolhidas: ['travel', 'garden']
[01:57:30] Texto da busca 16: travel garden
[01:57:30] Nova versao ativa: focando barra do Edge com Ctrl+L.
[01:57:31] Limpando barra de busca com Ctrl+A e Delete.
[01:57:31] Digitando busca letra por letra.
[01:57:35] Pressionando Enter para pesquisar.
[01:57:35] Aguardando 6.52s ate a proxima busca.
[01:57:42] Busca 17 de 20...
[01:57:42] Buscando 2 palavra(s) na API.
[01:57:42] API de palavras falhou. Usando palavras locais.
[01:57:42] Palavras locais escolhidas: ['calendar', 'travel']
[01:57:42] Texto da busca 17: calendar travel
[01:57:42] Nova versao ativa: focando barra do Edge com Ctrl+L.
[01:57:43] Limpando barra de busca com Ctrl+A e Delete.
[01:57:43] Digitando busca letra por letra.
[01:57:47] Pressionando Enter para pesquisar.
[01:57:48] Aguardando 6.09s ate a proxima busca.
[01:57:54] Busca 18 de 20...
[01:57:54] Buscando 3 palavra(s) na API.
[01:57:54] API de palavras falhou. Usando palavras locais.
[01:57:54] Palavras locais escolhidas: ['weather', 'sports', 'technology']
[01:57:54] Texto da busca 18: weather sports technology
[01:57:54] Nova versao ativa: focando barra do Edge com Ctrl+L.
[01:57:55] Limpando barra de busca com Ctrl+A e Delete.
[01:57:55] Digitando busca letra por letra.
[01:58:02] Pressionando Enter para pesquisar.
[01:58:03] Aguardando 6.02s ate a proxima busca.
[01:58:09] Busca 19 de 20...
[01:58:09] Buscando 3 palavra(s) na API.
[01:58:09] API de palavras falhou. Usando palavras locais.
[01:58:09] Palavras locais escolhidas: ['technology', 'language', 'maps']
[01:58:09] Texto da busca 19: technology language maps
[01:58:09] Nova versao ativa: focando barra do Edge com Ctrl+L.
[01:58:10] Limpando barra de busca com Ctrl+A e Delete.
[01:58:10] Digitando busca letra por letra.
[01:58:17] Pressionando Enter para pesquisar.
[01:58:17] Aguardando 5.99s ate a proxima busca.
[01:58:23] Busca 20 de 20...
[01:58:23] Buscando 1 palavra(s) na API.
[01:58:23] API de palavras falhou. Usando palavras locais.
[01:58:23] Palavras locais escolhidas: ['health']
[01:58:23] Texto da busca 20: health
[01:58:23] Nova versao ativa: focando barra do Edge com Ctrl+L.
[01:58:24] Limpando barra de busca com Ctrl+A e Delete.
[01:58:25] Digitando busca letra por letra.
[01:58:26] Pressionando Enter para pesquisar.
[01:58:26] Aguardando 6.54s ate a proxima busca.
[01:58:33] Pesquisar com o Bing concluído.
[01:58:33] Abrindo Brotato pelo menu iniciar: Brotato
[01:58:35] Aguardando Brotato iniciar por 25.0s.
[01:59:00] Procurando Gamer Tag do Brotato (120s restantes)...
[01:59:00] Rodando deteccao do alvo 'brotato_gamertag' com 25 template(s), confianca 0.82, match forte 0.95.
[01:59:01] Alvo 'brotato_gamertag' retornou 1 resultado(s).
[01:59:01] Melhor alvo 'brotato_gamertag': x=359, y=258, score=0.99, escala=1.00.
[01:59:01] Brotato no menu detectado: x=359, y=258, score=0.99.
[01:59:01] Minimizando Brotato pelo icone da barra de tarefas...
[01:59:01] Busca do alvo 'brotato_icone_barra' limitada a area provavel: x=-1920, y=930, w=3840, h=150.
[01:59:01] Rodando deteccao do alvo 'brotato_icone_barra' com 29 template(s), confianca 0.82, match forte 0.95.
[01:59:01] Alvo 'brotato_icone_barra' retornou 1 resultado(s).
[01:59:01] Melhor alvo 'brotato_icone_barra': x=1271, y=1054, score=0.99, escala=1.00.
[01:59:01] Coordenada do alvo visual 'brotato_icone_barra' salva no cache desta execucao.
[01:59:01] Clicando alvo visual 'brotato_icone_barra': x=1271, y=1054.
[01:59:02] Brotato aberto para rodar junto com Navegar com Edge.
[01:59:02] Abrindo Edge para iniciar tempo no navegador...
[01:59:02] Pressionando tecla Windows.
[01:59:03] Digitando app no menu iniciar: EDGE
[01:59:04] Pressionando Enter para abrir o app.
[01:59:04] Aguardando Edge abrir por 4.00s.
[01:59:08] Procurando janela do Edge para enviar ao segundo monitor.
[01:59:08] Nao encontrei a janela do Edge para enviar ao segundo monitor.
[01:59:08] Navegar com Edge: tentativa 1/3. Video ficara aberto por 36.0 minuto(s).
[01:59:08] Abrindo video no Edge: https://www.youtube.com/watch?v=jfKfPfyJRdk
[01:59:09] Aguardando video carregar por 8.0s.
[01:59:17] Aguardando tempo no Edge (1/3): faltam 36min.
[02:00:17] Aguardando tempo no Edge (1/3): faltam 35min.
[02:01:17] Aguardando tempo no Edge (1/3): faltam 34min.
[02:02:17] Aguardando tempo no Edge (1/3): faltam 33min.
[02:03:17] Aguardando tempo no Edge (1/3): faltam 32min.
[02:04:17] Aguardando tempo no Edge (1/3): faltam 31min.
[02:05:17] Aguardando tempo no Edge (1/3): faltam 30min.
[02:06:17] Aguardando tempo no Edge (1/3): faltam 29min.
[02:07:17] Aguardando tempo no Edge (1/3): faltam 28min.
[02:08:17] Aguardando tempo no Edge (1/3): faltam 27min.
[02:09:17] Aguardando tempo no Edge (1/3): faltam 26min.
[02:10:17] Aguardando tempo no Edge (1/3): faltam 25min.
[02:11:17] Aguardando tempo no Edge (1/3): faltam 24min.
[02:12:17] Aguardando tempo no Edge (1/3): faltam 23min.
[02:13:17] Aguardando tempo no Edge (1/3): faltam 22min.
[02:14:17] Aguardando tempo no Edge (1/3): faltam 21min.
[02:15:17] Aguardando tempo no Edge (1/3): faltam 20min.
[02:16:18] Aguardando tempo no Edge (1/3): faltam 19min.
[02:17:18] Aguardando tempo no Edge (1/3): faltam 18min.
[02:18:18] Aguardando tempo no Edge (1/3): faltam 17min.
[02:19:18] Aguardando tempo no Edge (1/3): faltam 16min.
[02:20:18] Aguardando tempo no Edge (1/3): faltam 15min.
[02:21:18] Aguardando tempo no Edge (1/3): faltam 13min 59s.
[02:22:18] Aguardando tempo no Edge (1/3): faltam 12min 59s.
[02:23:18] Aguardando tempo no Edge (1/3): faltam 11min 59s.
[02:24:18] Aguardando tempo no Edge (1/3): faltam 10min 59s.
[02:25:18] Aguardando tempo no Edge (1/3): faltam 9min 59s.
[02:26:18] Aguardando tempo no Edge (1/3): faltam 8min 59s.
[02:27:18] Aguardando tempo no Edge (1/3): faltam 7min 59s.
[02:28:18] Aguardando tempo no Edge (1/3): faltam 6min 59s.
[02:29:18] Aguardando tempo no Edge (1/3): faltam 5min 59s.
[02:30:18] Aguardando tempo no Edge (1/3): faltam 4min 59s.
[02:31:18] Aguardando tempo no Edge (1/3): faltam 3min 59s.
[02:32:18] Aguardando tempo no Edge (1/3): faltam 2min 59s.
[02:33:18] Aguardando tempo no Edge (1/3): faltam 1min 59s.
[02:34:18] Aguardando tempo no Edge (1/3): faltam 59s.
[02:35:17] Brotato aberto antes da verificacao. Vou fechar primeiro.
[02:35:17] Fechando Brotato com Alt+F4...
[02:35:17] Brotato focado pela janela aberta: Brotato
[02:35:20] Brotato fechado.
[02:35:20] Refocando Edge antes de fechar e verificar o Rewards...
[02:35:20] Pressionando tecla Windows.
[02:35:21] Digitando app no menu iniciar: EDGE
[02:35:22] Pressionando Enter para abrir o app.
[02:35:22] Aguardando Edge abrir por 4.00s.
[02:35:26] Procurando janela do Edge para enviar ao segundo monitor.
[02:35:26] Nao encontrei a janela do Edge para enviar ao segundo monitor.
[02:35:26] Fechando janela atual do Edge para forcar atualizacao do Rewards...
[02:35:28] Reabrindo Edge para verificar task Navegar com Edge...
[02:35:28] Pressionando tecla Windows.
[02:35:29] Digitando app no menu iniciar: EDGE
[02:35:30] Pressionando Enter para abrir o app.
[02:35:30] Aguardando Edge abrir por 4.00s.
[02:35:34] Procurando janela do Edge para enviar ao segundo monitor.
[02:35:34] Nao encontrei a janela do Edge para enviar ao segundo monitor.
[02:35:36] Abrindo menu do Microsoft Rewards para checar progresso...
[02:35:36] Abrindo extensao por deteccao de imagem.
[02:35:36] Usando coordenada em cache para alvo visual 'icone_extensao': x=-312, y=69.
[02:35:36] Clicando alvo visual 'icone_extensao': x=-312, y=69.
[02:35:39] Procurando botao 'Ver tudo/Mostrar mais' para abrir detalhes do Rewards.
[02:35:39] Procurando alvo 'ver_tudo' no painel (posicao 0/40).
[02:35:40] Painel Rewards detectado automaticamente: x=-447, y=41, w=423, h=1039, score=12.01, origem=logo_expandido, logo=1.00, fechar=1.00.
[02:35:40] Busca do alvo 'ver_tudo' limitada ao painel Rewards: x=-447, y=41, w=423, h=1039.
[02:35:41] Rodando deteccao do alvo 'ver_tudo' com 33 template(s), confianca 0.82, match forte 0.95.
[02:35:43] Alvo 'ver_tudo' retornou 0 resultado(s).
[02:35:43] Alvo 'ver_tudo' nao encontrado no tamanho original. Tentando busca flexivel com escalas [0.9, 0.95, 1.0, 1.05, 1.1] e confianca 0.70.
[02:35:53] Busca flexivel do alvo 'ver_tudo' retornou 0 resultado(s).
[02:35:53] Alvo 'ver_tudo' ainda nao encontrado. Tentando busca flexivel em tons de cinza.
[02:35:58] Busca flexivel em tons de cinza do alvo 'ver_tudo' retornou 0 resultado(s).
[02:35:58] Alvo nao visivel. Focando scroll do painel para continuar procurando.
[02:35:58] Focando area de scroll pelo alvo treinado 'Exibir painel'.
[02:35:58] Usando coordenada em cache para alvo visual 'exibir_painel': x=-114, y=316.
[02:35:58] Clicando alvo visual 'exibir_painel': x=-114, y=316.
[02:35:58] Alvo 'ver_tudo' nao encontrado. Rolando painel e tentando novamente.
[02:35:58] Area de scroll ancorada em 'Exibir painel' (cache): x=-114, y=316.
[02:35:58] Movendo mouse abaixo de 'Exibir painel': x=-114, y=316.
[02:35:59] Painel Rewards nao encontrado automaticamente.
[02:35:59] Nao consegui montar regiao para detector de fim do scroll.
[02:35:59] Rolando mouse em 5 passo(s), direcao=-1.
[02:35:59] Scroll do mouse 1/5.
[02:35:59] Scroll do mouse 2/5.
[02:35:59] Scroll do mouse 3/5.
[02:35:59] Scroll do mouse 4/5.
[02:35:59] Scroll do mouse 5/5.
[02:36:00] Procurando alvo 'ver_tudo' no painel (posicao 1/40).
[02:36:01] Painel Rewards detectado automaticamente: x=-1337, y=86, w=480, h=885, score=11.32, origem=logo, logo=1.00, fechar=1.00.
[02:36:01] Busca do alvo 'ver_tudo' limitada ao painel Rewards: x=-1337, y=86, w=480, h=885.
[02:36:01] Rodando deteccao do alvo 'ver_tudo' com 33 template(s), confianca 0.82, match forte 0.95.
[02:36:03] Alvo 'ver_tudo' retornou 0 resultado(s).
[02:36:03] Alvo 'ver_tudo' nao encontrado no tamanho original. Tentando busca flexivel com escalas [0.9, 0.95, 1.0, 1.05, 1.1] e confianca 0.70.
[02:36:12] Busca flexivel do alvo 'ver_tudo' retornou 0 resultado(s).
[02:36:12] Alvo 'ver_tudo' ainda nao encontrado. Tentando busca flexivel em tons de cinza.
[02:36:16] Busca flexivel em tons de cinza do alvo 'ver_tudo' retornou 0 resultado(s).
[02:36:16] Alvo 'ver_tudo' nao encontrado. Rolando painel e tentando novamente.
[02:36:16] Area de scroll ancorada em 'Exibir painel' (cache): x=-114, y=316.
[02:36:16] Movendo mouse abaixo de 'Exibir painel': x=-114, y=316.
[02:36:17] Painel Rewards detectado automaticamente: x=-1217, y=0, w=480, h=885, score=11.56, origem=logo, logo=1.00, fechar=1.00.
[02:36:17] Detector de fim do scroll usando regiao x=-1217, y=0, w=480, h=885.
[02:36:17] Rolando mouse em 5 passo(s), direcao=-1.
[02:36:17] Scroll do mouse 1/5.
[02:36:17] Scroll do mouse 2/5.
[02:36:17] Scroll do mouse 3/5.
[02:36:18] Scroll do mouse 4/5.
[02:36:18] Scroll do mouse 5/5.
[02:36:19] Painel Rewards nao encontrado automaticamente.
[02:36:19] Nao consegui montar regiao para detector de fim do scroll.
[02:36:19] Procurando alvo 'ver_tudo' no painel (posicao 2/40).
[02:36:19] Painel Rewards nao encontrado automaticamente.
[02:36:19] Rodando deteccao do alvo 'ver_tudo' com 33 template(s), confianca 0.82, match forte 0.95.
[02:36:44] Alvo 'ver_tudo' retornou 0 resultado(s).
[02:36:44] Alvo 'ver_tudo' nao encontrado no tamanho original. Tentando busca flexivel com escalas [0.9, 0.95, 1.0, 1.05, 1.1] e confianca 0.70.
[02:38:45] Busca flexivel do alvo 'ver_tudo' retornou 0 resultado(s).
[02:38:45] Alvo 'ver_tudo' ainda nao encontrado. Tentando busca flexivel em tons de cinza.
[02:39:54] Busca flexivel em tons de cinza do alvo 'ver_tudo' retornou 0 resultado(s).
[02:39:54] Alvo 'ver_tudo' nao encontrado. Rolando painel e tentando novamente.
[02:39:54] Area de scroll ancorada em 'Exibir painel' (cache): x=-114, y=316.
[02:39:54] Movendo mouse abaixo de 'Exibir painel': x=-114, y=316.
[02:39:55] Painel Rewards detectado automaticamente: x=161, y=0, w=701, h=353, score=6.25, origem=contorno, logo=0.00, fechar=1.00.
[02:39:55] Detector de fim do scroll usando regiao x=161, y=0, w=701, h=353.
[02:39:55] Rolando mouse em 5 passo(s), direcao=-1.
[02:39:55] Scroll do mouse 1/5.
[02:39:55] Scroll do mouse 2/5.
[02:39:55] Scroll do mouse 3/5.
[02:39:56] Scroll do mouse 4/5.
[02:39:56] Scroll do mouse 5/5.
[02:39:57] Painel Rewards nao encontrado automaticamente.
[02:39:57] Nao consegui montar regiao para detector de fim do scroll.
[02:39:57] Procurando alvo 'ver_tudo' no painel (posicao 3/40).
[02:39:57] Painel Rewards nao encontrado automaticamente.
[02:39:57] Rodando deteccao do alvo 'ver_tudo' com 33 template(s), confianca 0.82, match forte 0.95.
[02:40:23] Alvo 'ver_tudo' retornou 0 resultado(s).
[02:40:23] Alvo 'ver_tudo' nao encontrado no tamanho original. Tentando busca flexivel com escalas [0.9, 0.95, 1.0, 1.05, 1.1] e confianca 0.70.
[02:42:16] Busca flexivel do alvo 'ver_tudo' retornou 0 resultado(s).
[02:42:16] Alvo 'ver_tudo' ainda nao encontrado. Tentando busca flexivel em tons de cinza.
[02:43:19] Busca flexivel em tons de cinza do alvo 'ver_tudo' retornou 0 resultado(s).
[02:43:19] Alvo 'ver_tudo' nao encontrado. Rolando painel e tentando novamente.
[02:43:19] Area de scroll ancorada em 'Exibir painel' (cache): x=-114, y=316.
[02:43:19] Movendo mouse abaixo de 'Exibir painel': x=-114, y=316.
[02:43:20] Painel Rewards nao encontrado automaticamente.
[02:43:20] Nao consegui montar regiao para detector de fim do scroll.
[02:43:20] Rolando mouse em 5 passo(s), direcao=-1.
[02:43:20] Scroll do mouse 1/5.
[02:43:20] Scroll do mouse 2/5.
[02:43:20] Scroll do mouse 3/5.
[02:43:20] Scroll do mouse 4/5.
[02:43:21] Scroll do mouse 5/5.
[02:43:21] Procurando alvo 'ver_tudo' no painel (posicao 4/40).
[02:43:22] Painel Rewards nao encontrado automaticamente.
[02:43:22] Rodando deteccao do alvo 'ver_tudo' com 33 template(s), confianca 0.82, match forte 0.95.
[02:43:44] Alvo 'ver_tudo' retornou 0 resultado(s).
[02:43:44] Alvo 'ver_tudo' nao encontrado no tamanho original. Tentando busca flexivel com escalas [0.9, 0.95, 1.0, 1.05, 1.1] e confianca 0.70.
[02:45:29] Busca flexivel do alvo 'ver_tudo' retornou 0 resultado(s).
[02:45:29] Alvo 'ver_tudo' ainda nao encontrado. Tentando busca flexivel em tons de cinza.
[02:46:32] Busca flexivel em tons de cinza do alvo 'ver_tudo' retornou 0 resultado(s).
[02:46:32] Alvo 'ver_tudo' nao encontrado. Rolando painel e tentando novamente.
[02:46:32] Area de scroll ancorada em 'Exibir painel' (cache): x=-114, y=316.
[02:46:32] Movendo mouse abaixo de 'Exibir painel': x=-114, y=316.
[02:46:33] Painel Rewards nao encontrado automaticamente.
[02:46:33] Nao consegui montar regiao para detector de fim do scroll.
[02:46:33] Rolando mouse em 5 passo(s), direcao=-1.
[02:46:33] Scroll do mouse 1/5.
[02:46:33] Scroll do mouse 2/5.
[02:46:33] Scroll do mouse 3/5.
[02:46:33] Scroll do mouse 4/5.
[02:46:34] Scroll do mouse 5/5.
[02:46:34] Procurando alvo 'ver_tudo' no painel (posicao 5/40).
[02:46:35] Painel Rewards detectado automaticamente: x=417, y=0, w=774, h=477, score=4.34, origem=contorno, logo=0.00, fechar=0.00.
[02:46:35] Busca do alvo 'ver_tudo' limitada ao painel Rewards: x=417, y=0, w=774, h=477.
[02:46:35] Rodando deteccao do alvo 'ver_tudo' com 33 template(s), confianca 0.82, match forte 0.95.
[02:46:36] Alvo 'ver_tudo' retornou 0 resultado(s).
[02:46:36] Alvo 'ver_tudo' nao encontrado no tamanho original. Tentando busca flexivel com escalas [0.9, 0.95, 1.0, 1.05, 1.1] e confianca 0.70.
[02:46:45] Busca flexivel do alvo 'ver_tudo' retornou 0 resultado(s).
[02:46:45] Alvo 'ver_tudo' ainda nao encontrado. Tentando busca flexivel em tons de cinza.
[02:46:51] Busca flexivel em tons de cinza do alvo 'ver_tudo' retornou 0 resultado(s).
[02:46:51] Alvo 'ver_tudo' nao encontrado. Rolando painel e tentando novamente.
[02:46:51] Area de scroll ancorada em 'Exibir painel' (cache): x=-114, y=316.
[02:46:51] Movendo mouse abaixo de 'Exibir painel': x=-114, y=316.
[02:46:52] Painel Rewards detectado automaticamente: x=433, y=0, w=817, h=332, score=5.45, origem=contorno, logo=0.00, fechar=1.00.
[02:46:52] Detector de fim do scroll usando regiao x=433, y=0, w=817, h=332.
[02:46:52] Rolando mouse em 5 passo(s), direcao=-1.
[02:46:52] Scroll do mouse 1/5.
[02:46:52] Scroll do mouse 2/5.
[02:46:52] Scroll do mouse 3/5.
[02:46:53] Scroll do mouse 4/5.
[02:46:53] Scroll do mouse 5/5.
[02:46:54] Painel Rewards nao encontrado automaticamente.
[02:46:54] Nao consegui montar regiao para detector de fim do scroll.
[02:46:54] Procurando alvo 'ver_tudo' no painel (posicao 6/40).
[02:46:54] Painel Rewards nao encontrado automaticamente.
[02:46:54] Rodando deteccao do alvo 'ver_tudo' com 33 template(s), confianca 0.82, match forte 0.95.
[02:47:16] Alvo 'ver_tudo' retornou 0 resultado(s).
[02:47:16] Alvo 'ver_tudo' nao encontrado no tamanho original. Tentando busca flexivel com escalas [0.9, 0.95, 1.0, 1.05, 1.1] e confianca 0.70.
[02:49:01] Busca flexivel do alvo 'ver_tudo' retornou 0 resultado(s).
[02:49:01] Alvo 'ver_tudo' ainda nao encontrado. Tentando busca flexivel em tons de cinza.
[02:50:05] Busca flexivel em tons de cinza do alvo 'ver_tudo' retornou 0 resultado(s).
[02:50:05] Alvo 'ver_tudo' nao encontrado. Rolando painel e tentando novamente.
[02:50:05] Area de scroll ancorada em 'Exibir painel' (cache): x=-114, y=316.
[02:50:05] Movendo mouse abaixo de 'Exibir painel': x=-114, y=316.
[02:50:05] Painel Rewards detectado automaticamente: x=-59, y=47, w=480, h=885, score=10.56, origem=logo, logo=1.00, fechar=0.00.
[02:50:05] Detector de fim do scroll usando regiao x=-59, y=47, w=480, h=885.
[02:50:05] Rolando mouse em 5 passo(s), direcao=-1.
[02:50:05] Scroll do mouse 1/5.
[02:50:06] Scroll do mouse 2/5.
[02:50:06] Scroll do mouse 3/5.
[02:50:06] Scroll do mouse 4/5.
[02:50:06] Scroll do mouse 5/5.
[02:50:07] Painel Rewards nao encontrado automaticamente.
[02:50:07] Nao consegui montar regiao para detector de fim do scroll.
[02:50:07] Procurando alvo 'ver_tudo' no painel (posicao 7/40).
[02:50:07] Painel Rewards nao encontrado automaticamente.
[02:50:07] Rodando deteccao do alvo 'ver_tudo' com 33 template(s), confianca 0.82, match forte 0.95.
[02:50:29] Alvo 'ver_tudo' retornou 0 resultado(s).
[02:50:29] Alvo 'ver_tudo' nao encontrado no tamanho original. Tentando busca flexivel com escalas [0.9, 0.95, 1.0, 1.05, 1.1] e confianca 0.70.
