[22:31:55] ======================================================================
[22:31:55] Fluxo selecionado iniciado
[22:31:55] Arquivo de log: C:\Users\giorg\Documents\GitHub\AI_REWARDS\logs\execucao_20260522_223155.log
[22:31:55] ======================================================================
[22:31:55] Iniciando fluxo selecionado...
[22:31:55] Preparando automacao completa.
[22:31:55] Coordenadas carregadas: {'icone_extensao': (-313, 64), 'double_click_scroll': (-27, 303), 'card_1': (-622, 400), 'card_2': (-596, 510), 'card_3': (-581, 608), 'voltar': (-1894, 54)}
[22:31:55] Abrindo o Microsoft Edge...
[22:31:55] Pressionando tecla Windows.
[22:31:56] Digitando app no menu iniciar: EDGE
[22:31:57] Pressionando Enter para abrir o app.
[22:31:57] Aguardando Edge abrir por 4.00s.
[22:32:01] Clicando no icone da extensao...
[22:32:01] Movendo mouse para 'icone_extensao': x=-313, y=64.
[22:32:01] Enviando clique em 'icone_extensao'.
[22:32:01] Aguardando 3.72s (apos_icone_extensao: 2.0-5.0s).
[22:32:05] Rolando painel e procurando cards com +10/+5 ate o fim do scroll (limite de seguranca: 40).
[22:32:05] Clicando uma vez para focar a area de scroll: x=-27, y=303.
[22:32:05] Rolando painel (1/40)...
[22:32:05] Movendo mouse para a area de scroll sem clicar: x=-27, y=303.
[22:32:05] Detector de fim do scroll usando regiao x=-647, y=0, w=700, h=793.
[22:32:05] Rolando mouse em 5 passo(s), direcao=-1.
[22:32:05] Scroll do mouse 1/5.
[22:32:06] Scroll do mouse 2/5.
[22:32:06] Scroll do mouse 3/5.
[22:32:06] Scroll do mouse 4/5.
[22:32:06] Scroll do mouse 5/5.
[22:32:07] Diferenca visual apos scroll: 12.89 (fim se <= 1.00).
[22:32:07] Procurando +10/+5 na area visivel...
[22:32:07] Rodando deteccao +10/+5 com 21 template(s), confianca 0.85.
[22:32:22] Deteccao retornou 0 resultado(s).
[22:32:22] Todos os alvos encontrados ja foram clicados nessa execucao.
[22:32:22] Nenhum +10/+5 encontrado depois desse scroll.
[22:32:22] Rolando painel (2/40)...
[22:32:22] Movendo mouse para a area de scroll sem clicar: x=-27, y=303.
[22:32:22] Detector de fim do scroll usando regiao x=-647, y=0, w=700, h=793.
[22:32:22] Rolando mouse em 5 passo(s), direcao=-1.
[22:32:22] Scroll do mouse 1/5.
[22:32:22] Scroll do mouse 2/5.
[22:32:22] Scroll do mouse 3/5.
[22:32:23] Scroll do mouse 4/5.
[22:32:23] Scroll do mouse 5/5.
[22:32:23] Diferenca visual apos scroll: 11.62 (fim se <= 1.00).
[22:32:23] Procurando +10/+5 na area visivel...
[22:32:23] Rodando deteccao +10/+5 com 21 template(s), confianca 0.85.
[22:32:37] Deteccao retornou 0 resultado(s).
[22:32:37] Todos os alvos encontrados ja foram clicados nessa execucao.
[22:32:37] Nenhum +10/+5 encontrado depois desse scroll.
[22:32:37] Rolando painel (3/40)...
[22:32:37] Movendo mouse para a area de scroll sem clicar: x=-27, y=303.
[22:32:38] Detector de fim do scroll usando regiao x=-647, y=0, w=700, h=793.
[22:32:38] Rolando mouse em 5 passo(s), direcao=-1.
[22:32:38] Scroll do mouse 1/5.
[22:32:38] Scroll do mouse 2/5.
[22:32:38] Scroll do mouse 3/5.
[22:32:38] Scroll do mouse 4/5.
[22:32:38] Scroll do mouse 5/5.
[22:32:39] Diferenca visual apos scroll: 12.06 (fim se <= 1.00).
[22:32:39] Procurando +10/+5 na area visivel...
[22:32:39] Rodando deteccao +10/+5 com 21 template(s), confianca 0.85.
[22:32:53] Deteccao retornou 2 resultado(s).
[22:32:53] Alvo ignorado: parece selo concluido/sem '+'. x=-82, y=565, score=0.94, motivo=sem geometria de +, h=6/8, v=3/6.
[22:32:53] Alvo ignorado: parece selo concluido/sem '+'. x=-82, y=638, score=0.96, motivo=sem geometria de +, h=6/8, v=3/6.
[22:32:53] Todos os alvos encontrados ja foram clicados nessa execucao.
[22:32:53] Nenhum +10/+5 encontrado depois desse scroll.
[22:32:53] Rolando painel (4/40)...
[22:32:53] Movendo mouse para a area de scroll sem clicar: x=-27, y=303.
[22:32:53] Detector de fim do scroll usando regiao x=-647, y=0, w=700, h=793.
[22:32:53] Rolando mouse em 5 passo(s), direcao=-1.
[22:32:53] Scroll do mouse 1/5.
[22:32:54] Scroll do mouse 2/5.
[22:32:54] Scroll do mouse 3/5.
[22:32:54] Scroll do mouse 4/5.
[22:32:54] Scroll do mouse 5/5.
[22:32:55] Diferenca visual apos scroll: 10.26 (fim se <= 1.00).
[22:32:55] Procurando +10/+5 na area visivel...
[22:32:55] Rodando deteccao +10/+5 com 21 template(s), confianca 0.85.
[22:33:10] Deteccao retornou 2 resultado(s).
[22:33:10] Alvo ignorado: parece selo concluido/sem '+'. x=-82, y=529, score=0.94, motivo=sem geometria de +, h=6/8, v=3/6.
[22:33:10] Alvo ignorado: parece selo concluido/sem '+'. x=-82, y=602, score=0.96, motivo=sem geometria de +, h=6/8, v=3/6.
[22:33:10] Todos os alvos encontrados ja foram clicados nessa execucao.
[22:33:10] Nenhum +10/+5 encontrado depois desse scroll.
[22:33:10] Rolando painel (5/40)...
[22:33:10] Movendo mouse para a area de scroll sem clicar: x=-27, y=303.
[22:33:10] Detector de fim do scroll usando regiao x=-647, y=0, w=700, h=793.
[22:33:10] Rolando mouse em 5 passo(s), direcao=-1.
[22:33:10] Scroll do mouse 1/5.
[22:33:10] Scroll do mouse 2/5.
[22:33:10] Scroll do mouse 3/5.
[22:33:10] Scroll do mouse 4/5.
[22:33:11] Scroll do mouse 5/5.
[22:33:11] Diferenca visual apos scroll: 16.61 (fim se <= 1.00).
[22:33:11] Procurando +10/+5 na area visivel...
[22:33:11] Rodando deteccao +10/+5 com 21 template(s), confianca 0.85.
[22:33:26] Deteccao retornou 2 resultado(s).
[22:33:26] Alvo ignorado: parece selo concluido/sem '+'. x=-82, y=529, score=0.94, motivo=sem selo azul, h=None/None, v=None/None.
[22:33:26] Alvo ignorado: parece selo concluido/sem '+'. x=-82, y=602, score=0.96, motivo=sem selo azul, h=None/None, v=None/None.
[22:33:26] Todos os alvos encontrados ja foram clicados nessa execucao.
[22:33:26] Nenhum +10/+5 encontrado depois desse scroll.
[22:33:26] Rolando painel (6/40)...
[22:33:26] Movendo mouse para a area de scroll sem clicar: x=-27, y=303.
[22:33:26] Detector de fim do scroll usando regiao x=-647, y=0, w=700, h=793.
[22:33:26] Rolando mouse em 5 passo(s), direcao=-1.
[22:33:26] Scroll do mouse 1/5.
[22:33:27] Scroll do mouse 2/5.
[22:33:27] Scroll do mouse 3/5.
[22:33:27] Scroll do mouse 4/5.
[22:33:27] Scroll do mouse 5/5.
[22:33:28] Diferenca visual apos scroll: 12.82 (fim se <= 1.00).
[22:33:28] Procurando +10/+5 na area visivel...
[22:33:28] Rodando deteccao +10/+5 com 21 template(s), confianca 0.85.
