[23:46:05] ======================================================================
[23:46:05] Fluxo selecionado iniciado
[23:46:05] Arquivo de log: C:\Users\giorg\Documents\GitHub\AI_REWARDS\logs\execucao_20260528_234605.log
[23:46:05] ======================================================================
[23:46:05] Iniciando fluxo selecionado...
[23:46:05] Preparando automacao completa.
[23:46:05] Coordenadas carregadas: {'icone_extensao': (-313, 64), 'double_click_scroll': (-27, 303), 'card_1': (-622, 400), 'card_2': (-596, 510), 'card_3': (-581, 608), 'voltar': (-1894, 54)}
[23:46:05] Abrindo o Microsoft Edge...
[23:46:05] Pressionando tecla Windows.
[23:46:06] Digitando app no menu iniciar: EDGE
[23:46:07] Pressionando Enter para abrir o app.
[23:46:07] Aguardando Edge abrir por 4.00s.
[23:46:11] Clicando no icone da extensao...
[23:46:11] Abrindo extensao por deteccao de imagem.
[23:46:11] Busca do alvo 'icone_extensao' limitada a area provavel: x=-1920, y=0, w=3840, h=190.
[23:46:11] Rodando deteccao do alvo 'icone_extensao' com 8 template(s), confianca 0.82, match forte 0.95.
[23:46:12] Alvo 'icone_extensao' retornou 1 resultado(s).
[23:46:12] Melhor alvo 'icone_extensao': x=1671, y=55, score=0.91, escala=1.00.
[23:46:12] Coordenada do alvo visual 'icone_extensao' salva no cache desta execucao.
[23:46:12] Clicando alvo visual 'icone_extensao': x=1671, y=55.
[23:46:12] Aguardando 2.37s (apos_icone_extensao: 2.0-5.0s).
[23:46:14] Rolando painel e procurando cards com +10/+5 ate o fim do scroll (limite de seguranca: 40).
[23:46:14] Focando area de scroll pelo alvo treinado 'Exibir painel'.
[23:46:14] Rodando deteccao do alvo 'exibir_painel' com 19 template(s), confianca 0.82, match forte 0.95.
[23:46:19] Automacao pausada. Clique em Resumir para continuar.
[23:46:28] Alvo 'exibir_painel' retornou 0 resultado(s).
[23:46:28] Alvo 'exibir_painel' nao encontrado no tamanho original. Tentando busca flexivel com escalas [0.9, 0.95, 1.0, 1.05, 1.1] e confianca 0.70.
[23:46:42] Cancelando automacao...
[23:46:49] Cancelando automacao...
[23:47:21] Busca flexivel do alvo 'exibir_painel' retornou 0 resultado(s).
[23:47:21] Alvo 'exibir_painel' ainda nao encontrado. Tentando busca flexivel em tons de cinza.
[23:47:59] Busca flexivel em tons de cinza do alvo 'exibir_painel' retornou 0 resultado(s).
[23:47:59] Nao consegui usar 'Exibir painel'. Vou tentar pelo painel detectado automaticamente.
[23:47:59] Rodando deteccao do alvo 'exibir_painel' com 19 template(s), confianca 0.82, match forte 0.95.
[23:48:12] Alvo 'exibir_painel' retornou 0 resultado(s).
[23:48:12] Alvo 'exibir_painel' nao encontrado no tamanho original. Tentando busca flexivel com escalas [0.9, 0.95, 1.0, 1.05, 1.1] e confianca 0.70.
[23:49:12] Busca flexivel do alvo 'exibir_painel' retornou 0 resultado(s).
[23:49:12] Alvo 'exibir_painel' ainda nao encontrado. Tentando busca flexivel em tons de cinza.
[23:49:48] Busca flexivel em tons de cinza do alvo 'exibir_painel' retornou 0 resultado(s).
[23:49:48] Template 'Exibir painel' existe, mas nao foi localizado. Usando detector automatico do painel.
[23:49:48] Painel Rewards detectado automaticamente: x=-1920, y=108, w=705, h=541, score=7.09, origem=contorno, logo=0.55, fechar=0.00.
[23:49:48] Clicando uma vez no topo seguro do painel detectado: x=-1305, y=142.
[23:49:48] Automacao interrompida.
[23:49:48] Finalizando thread do fluxo completo.
