[15:39:38] ======================================================================
[15:39:38] Fluxo completo iniciado
[15:39:38] Arquivo de log: C:\Users\giorg\Documents\GitHub\AI_REWARDS\logs\execucao_20260522_153938.log
[15:39:38] ======================================================================
[15:39:38] Iniciando conjunto diario + pesquisas...
[15:39:38] Preparando automacao completa.
[15:39:38] Coordenadas carregadas: {'icone_extensao': (-313, 64), 'double_click_scroll': (-27, 303), 'card_1': (-622, 400), 'card_2': (-596, 510), 'card_3': (-581, 608), 'voltar': (-1894, 54)}
[15:39:38] Abrindo o Microsoft Edge...
[15:39:38] Pressionando tecla Windows.
[15:39:39] Digitando app no menu iniciar: EDGE
[15:39:40] Pressionando Enter para abrir o app.
[15:39:40] Aguardando Edge abrir por 4.00s.
[15:39:44] Clicando no icone da extensao...
[15:39:44] Movendo mouse para 'icone_extensao': x=-313, y=64.
[15:39:44] Enviando clique em 'icone_extensao'.
[15:39:44] Aguardando 3.73s (apos_icone_extensao: 2.0-5.0s).
[15:39:48] Rolando painel e procurando cards com +10 ate o fim do scroll (limite de seguranca: 40).
[15:39:48] Clicando uma vez para focar a area de scroll: x=-27, y=303.
[15:39:48] Rolando painel (1/40)...
[15:39:48] Movendo mouse para a area de scroll sem clicar: x=-27, y=303.
[15:39:48] Detector de fim do scroll usando regiao x=-647, y=0, w=700, h=793.
[15:39:48] Rolando mouse em 2 passo(s), direcao=-1.
[15:39:48] Scroll do mouse 1/2.
[15:39:49] Scroll do mouse 2/2.
[15:39:49] Diferenca visual apos scroll: 14.05 (fim se <= 1.00).
[15:39:49] Procurando +10 na area visivel...
[15:39:49] Rodando deteccao com 21 template(s), confianca 0.85.
[15:40:08] Deteccao retornou 0 resultado(s).
[15:40:08] Todos os alvos encontrados ja foram clicados nessa execucao.
[15:40:08] Nenhum +10 encontrado depois desse scroll.
[15:40:08] Rolando painel (2/40)...
[15:40:08] Movendo mouse para a area de scroll sem clicar: x=-27, y=303.
[15:40:08] Detector de fim do scroll usando regiao x=-647, y=0, w=700, h=793.
[15:40:08] Rolando mouse em 2 passo(s), direcao=-1.
[15:40:08] Scroll do mouse 1/2.
[15:40:08] Scroll do mouse 2/2.
[15:40:09] Diferenca visual apos scroll: 12.33 (fim se <= 1.00).
[15:40:09] Procurando +10 na area visivel...
[15:40:09] Rodando deteccao com 21 template(s), confianca 0.85.
[15:40:31] Deteccao retornou 0 resultado(s).
[15:40:31] Todos os alvos encontrados ja foram clicados nessa execucao.
[15:40:31] Nenhum +10 encontrado depois desse scroll.
[15:40:31] Rolando painel (3/40)...
[15:40:31] Movendo mouse para a area de scroll sem clicar: x=-27, y=303.
[15:40:31] Detector de fim do scroll usando regiao x=-647, y=0, w=700, h=793.
[15:40:31] Rolando mouse em 2 passo(s), direcao=-1.
[15:40:31] Scroll do mouse 1/2.
[15:40:31] Scroll do mouse 2/2.
[15:40:32] Diferenca visual apos scroll: 12.79 (fim se <= 1.00).
[15:40:32] Procurando +10 na area visivel...
[15:40:32] Rodando deteccao com 21 template(s), confianca 0.85.
[15:40:51] Deteccao retornou 0 resultado(s).
[15:40:51] Todos os alvos encontrados ja foram clicados nessa execucao.
[15:40:51] Nenhum +10 encontrado depois desse scroll.
[15:40:51] Rolando painel (4/40)...
[15:40:51] Movendo mouse para a area de scroll sem clicar: x=-27, y=303.
[15:40:51] Detector de fim do scroll usando regiao x=-647, y=0, w=700, h=793.
[15:40:51] Rolando mouse em 2 passo(s), direcao=-1.
[15:40:51] Scroll do mouse 1/2.
[15:40:52] Scroll do mouse 2/2.
[15:40:52] Diferenca visual apos scroll: 13.09 (fim se <= 1.00).
[15:40:52] Procurando +10 na area visivel...
[15:40:52] Rodando deteccao com 21 template(s), confianca 0.85.
[15:41:09] Deteccao retornou 0 resultado(s).
[15:41:09] Todos os alvos encontrados ja foram clicados nessa execucao.
[15:41:09] Nenhum +10 encontrado depois desse scroll.
[15:41:09] Rolando painel (5/40)...
[15:41:09] Movendo mouse para a area de scroll sem clicar: x=-27, y=303.
[15:41:09] Detector de fim do scroll usando regiao x=-647, y=0, w=700, h=793.
[15:41:09] Rolando mouse em 2 passo(s), direcao=-1.
[15:41:09] Scroll do mouse 1/2.
[15:41:09] Scroll do mouse 2/2.
[15:41:10] Diferenca visual apos scroll: 12.65 (fim se <= 1.00).
[15:41:10] Procurando +10 na area visivel...
[15:41:10] Rodando deteccao com 21 template(s), confianca 0.85.
[15:41:27] Deteccao retornou 0 resultado(s).
[15:41:27] Todos os alvos encontrados ja foram clicados nessa execucao.
[15:41:27] Nenhum +10 encontrado depois desse scroll.
[15:41:27] Rolando painel (6/40)...
[15:41:27] Movendo mouse para a area de scroll sem clicar: x=-27, y=303.
[15:41:27] Detector de fim do scroll usando regiao x=-647, y=0, w=700, h=793.
[15:41:27] Rolando mouse em 2 passo(s), direcao=-1.
[15:41:27] Scroll do mouse 1/2.
[15:41:27] Scroll do mouse 2/2.
[15:41:28] Diferenca visual apos scroll: 11.07 (fim se <= 1.00).
[15:41:28] Procurando +10 na area visivel...
[15:41:28] Rodando deteccao com 21 template(s), confianca 0.85.
[15:41:44] Deteccao retornou 1 resultado(s).
[15:41:44] Alvo ignorado: parece selo concluido/sem '+'. x=-82, y=934, score=0.96, motivo=sem geometria de +, h=6/8, v=3/6.
[15:41:44] Todos os alvos encontrados ja foram clicados nessa execucao.
[15:41:44] Nenhum +10 encontrado depois desse scroll.
[15:41:44] Rolando painel (7/40)...
[15:41:44] Movendo mouse para a area de scroll sem clicar: x=-27, y=303.
[15:41:44] Detector de fim do scroll usando regiao x=-647, y=0, w=700, h=793.
[15:41:44] Rolando mouse em 2 passo(s), direcao=-1.
[15:41:44] Scroll do mouse 1/2.
[15:41:45] Scroll do mouse 2/2.
[15:41:45] Diferenca visual apos scroll: 14.30 (fim se <= 1.00).
[15:41:45] Procurando +10 na area visivel...
[15:41:45] Rodando deteccao com 21 template(s), confianca 0.85.
[15:42:02] Deteccao retornou 2 resultado(s).
[15:42:02] Alvo ignorado: parece selo concluido/sem '+'. x=-82, y=684, score=0.96, motivo=sem geometria de +, h=6/8, v=3/6.
[15:42:02] Alvo ignorado: parece selo concluido/sem '+'. x=-82, y=756, score=0.94, motivo=sem geometria de +, h=6/8, v=3/6.
[15:42:02] Todos os alvos encontrados ja foram clicados nessa execucao.
[15:42:02] Nenhum +10 encontrado depois desse scroll.
[15:42:02] Rolando painel (8/40)...
[15:42:02] Movendo mouse para a area de scroll sem clicar: x=-27, y=303.
[15:42:02] Detector de fim do scroll usando regiao x=-647, y=0, w=700, h=793.
[15:42:02] Rolando mouse em 2 passo(s), direcao=-1.
[15:42:02] Scroll do mouse 1/2.
[15:42:02] Scroll do mouse 2/2.
[15:42:03] Diferenca visual apos scroll: 10.39 (fim se <= 1.00).
[15:42:03] Procurando +10 na area visivel...
[15:42:03] Rodando deteccao com 21 template(s), confianca 0.85.
[15:42:20] Deteccao retornou 2 resultado(s).
[15:42:20] Alvo ignorado: parece selo concluido/sem '+'. x=-82, y=602, score=0.96, motivo=sem geometria de +, h=6/8, v=3/6.
[15:42:20] Alvo ignorado: parece selo concluido/sem '+'. x=-82, y=674, score=0.94, motivo=sem geometria de +, h=6/8, v=3/6.
[15:42:20] Todos os alvos encontrados ja foram clicados nessa execucao.
[15:42:20] Nenhum +10 encontrado depois desse scroll.
[15:42:20] Rolando painel (9/40)...
[15:42:20] Movendo mouse para a area de scroll sem clicar: x=-27, y=303.
[15:42:20] Detector de fim do scroll usando regiao x=-647, y=0, w=700, h=793.
[15:42:20] Rolando mouse em 2 passo(s), direcao=-1.
[15:42:20] Scroll do mouse 1/2.
[15:42:20] Scroll do mouse 2/2.
[15:42:21] Diferenca visual apos scroll: 10.82 (fim se <= 1.00).
[15:42:21] Procurando +10 na area visivel...
[15:42:21] Rodando deteccao com 21 template(s), confianca 0.85.
[15:42:37] Deteccao retornou 2 resultado(s).
[15:42:37] Alvo ignorado: parece selo concluido/sem '+'. x=-82, y=602, score=0.96, motivo=sem geometria de +, h=6/8, v=3/6.
[15:42:37] Alvo ignorado: parece selo concluido/sem '+'. x=-82, y=674, score=0.94, motivo=sem geometria de +, h=6/8, v=3/6.
[15:42:37] Todos os alvos encontrados ja foram clicados nessa execucao.
[15:42:37] Nenhum +10 encontrado depois desse scroll.
[15:42:37] Rolando painel (10/40)...
[15:42:37] Movendo mouse para a area de scroll sem clicar: x=-27, y=303.
[15:42:38] Detector de fim do scroll usando regiao x=-647, y=0, w=700, h=793.
[15:42:38] Rolando mouse em 2 passo(s), direcao=-1.
[15:42:38] Scroll do mouse 1/2.
[15:42:38] Scroll do mouse 2/2.
[15:42:39] Diferenca visual apos scroll: 9.08 (fim se <= 1.00).
[15:42:39] Procurando +10 na area visivel...
[15:42:39] Rodando deteccao com 21 template(s), confianca 0.85.
[15:42:55] Deteccao retornou 2 resultado(s).
[15:42:55] Alvo ignorado: parece selo concluido/sem '+'. x=-82, y=602, score=0.96, motivo=sem geometria de +, h=0/12, v=0/11.
[15:42:55] Alvo ignorado: parece selo concluido/sem '+'. x=-82, y=674, score=0.94, motivo=sem geometria de +, h=0/12, v=0/9.
[15:42:55] Todos os alvos encontrados ja foram clicados nessa execucao.
[15:42:55] Nenhum +10 encontrado depois desse scroll.
[15:42:55] Automacao interrompida.
[15:42:55] Finalizando thread do fluxo completo.
