[14:29:20] ======================================================================
[14:29:20] Fluxo completo iniciado
[14:29:20] Arquivo de log: C:\Users\giorg\Documents\GitHub\AI_REWARDS\logs\execucao_20260522_142920.log
[14:29:20] ======================================================================
[14:29:20] Iniciando conjunto diario + pesquisas...
[14:29:20] Preparando automacao completa.
[14:29:20] Coordenadas carregadas: {'icone_extensao': (-313, 64), 'double_click_scroll': (-27, 303), 'card_1': (-622, 400), 'card_2': (-596, 510), 'card_3': (-581, 608), 'voltar': (-1894, 54)}
[14:29:20] Abrindo o Microsoft Edge...
[14:29:20] Pressionando tecla Windows.
[14:29:21] Digitando app no menu iniciar: EDGE
[14:29:22] Pressionando Enter para abrir o app.
[14:29:22] Aguardando Edge abrir por 4.00s.
[14:29:26] Clicando no icone da extensao...
[14:29:26] Movendo mouse para 'icone_extensao': x=-313, y=64.
[14:29:26] Enviando clique em 'icone_extensao'.
[14:29:26] Aguardando 4.49s (apos_icone_extensao: 2.0-5.0s).
[14:29:31] Rolando painel e procurando cards com +10...
[14:29:31] Rolando painel (1/5)...
[14:29:31] Clicando uma vez na area de scroll: x=-27, y=303.
[14:29:31] Rolando mouse em 2 passo(s), direcao=-1.
[14:29:31] Scroll do mouse 1/2.
[14:29:31] Scroll do mouse 2/2.
[14:29:32] Procurando +10 na area visivel...
[14:29:32] Rodando deteccao com 21 template(s), confianca 0.85.
[14:29:48] Deteccao retornou 0 resultado(s).
[14:29:48] Todos os alvos encontrados ja foram clicados nessa execucao.
[14:29:48] Nenhum +10 encontrado depois desse scroll.
[14:29:48] Rolando painel (2/5)...
[14:29:48] Clicando uma vez na area de scroll: x=-27, y=303.
[14:29:48] Rolando mouse em 2 passo(s), direcao=-1.
[14:29:48] Scroll do mouse 1/2.
[14:29:48] Scroll do mouse 2/2.
[14:29:49] Procurando +10 na area visivel...
[14:29:49] Rodando deteccao com 21 template(s), confianca 0.85.
[14:30:03] Deteccao retornou 0 resultado(s).
[14:30:03] Todos os alvos encontrados ja foram clicados nessa execucao.
[14:30:03] Nenhum +10 encontrado depois desse scroll.
[14:30:03] Rolando painel (3/5)...
[14:30:03] Clicando uma vez na area de scroll: x=-27, y=303.
[14:30:04] Rolando mouse em 2 passo(s), direcao=-1.
[14:30:04] Scroll do mouse 1/2.
[14:30:04] Scroll do mouse 2/2.
[14:30:04] Procurando +10 na area visivel...
[14:30:04] Rodando deteccao com 21 template(s), confianca 0.85.
[14:30:19] Deteccao retornou 0 resultado(s).
[14:30:19] Todos os alvos encontrados ja foram clicados nessa execucao.
[14:30:19] Nenhum +10 encontrado depois desse scroll.
[14:30:19] Rolando painel (4/5)...
[14:30:19] Clicando uma vez na area de scroll: x=-27, y=303.
[14:30:19] Rolando mouse em 2 passo(s), direcao=-1.
[14:30:19] Scroll do mouse 1/2.
[14:30:20] Scroll do mouse 2/2.
[14:30:20] Procurando +10 na area visivel...
[14:30:20] Rodando deteccao com 21 template(s), confianca 0.85.
