[17:17:33] ======================================================================
[17:17:33] Fluxo selecionado iniciado
[17:17:33] Arquivo de log: C:\Users\giorg\Documents\GitHub\AI_REWARDS\logs\execucao_20260524_171733.log
[17:17:33] ======================================================================
[17:17:33] Iniciando fluxo selecionado...
[17:17:33] Preparando automacao completa.
[17:17:33] Coordenadas carregadas: {'icone_extensao': (-313, 64), 'double_click_scroll': (-27, 303), 'card_1': (-622, 400), 'card_2': (-596, 510), 'card_3': (-581, 608), 'voltar': (-1894, 54)}
[17:17:33] Abrindo o Microsoft Edge...
[17:17:33] Pressionando tecla Windows.
[17:17:34] Digitando app no menu iniciar: EDGE
[17:17:35] Pressionando Enter para abrir o app.
[17:17:35] Aguardando Edge abrir por 4.00s.
[17:17:39] Clicando no icone da extensao...
[17:17:39] Abrindo extensao por deteccao de imagem.
[17:17:39] Rodando deteccao do alvo 'icone_extensao' com 7 template(s), confianca 0.82, match forte 0.95.
[17:17:40] Alvo 'icone_extensao' retornou 1 resultado(s).
[17:17:40] Melhor alvo 'icone_extensao': x=-312, y=69, score=0.99.
[17:17:40] Coordenada do alvo visual 'icone_extensao' salva no cache desta execucao.
[17:17:40] Clicando alvo visual 'icone_extensao': x=-312, y=69.
[17:17:40] Aguardando 3.72s (apos_icone_extensao: 2.0-5.0s).
[17:17:44] Rolando painel e procurando cards com +10/+5 ate o fim do scroll (limite de seguranca: 40).
[17:17:44] Painel Rewards detectado automaticamente: x=-59, y=47, w=480, h=885, score=10.47.
[17:17:44] Clicando uma vez no topo seguro do painel detectado: x=331, y=81.
[17:17:44] Procurando +10/+5 na area visivel antes de rolar...
[17:17:44] Rodando deteccao +10/+5 com 21 template(s), confianca 0.85.
[17:17:45] Painel Rewards detectado automaticamente: x=-59, y=47, w=480, h=885, score=10.47.
[17:17:45] Busca de bonus limitada ao painel Rewards: x=-59, y=47, w=480, h=885.
[17:17:46] Deteccao retornou 0 resultado(s).
[17:17:46] Todos os alvos encontrados ja foram clicados nessa execucao.
[17:17:46] Nenhum +10/+5 visivel nesta posicao. Agora vou rolar.
[17:17:46] Rolando painel (1/40)...
[17:17:46] Painel Rewards detectado automaticamente: x=-59, y=47, w=480, h=885, score=10.48.
[17:17:46] Movendo mouse para dentro do painel detectado: x=181, y=489.
[17:17:47] Painel Rewards detectado automaticamente: x=-59, y=47, w=480, h=885, score=10.48.
[17:17:47] Detector de fim do scroll usando regiao x=-59, y=47, w=480, h=885.
[17:17:47] Rolando mouse em 5 passo(s), direcao=-1.
[17:17:47] Scroll do mouse 1/5.
[17:17:47] Scroll do mouse 2/5.
[17:17:47] Scroll do mouse 3/5.
[17:17:47] Scroll do mouse 4/5.
[17:17:48] Scroll do mouse 5/5.
[17:17:49] Painel Rewards detectado automaticamente: x=-59, y=47, w=480, h=885, score=10.48.
[17:17:49] Diferenca visual do painel apos scroll: 0.31 (fim se <= 1.00).
[17:17:49] Detector visual do painel indicou fim do scroll.
[17:17:49] Procurando +10/+5 na area visivel antes de rolar...
[17:17:49] Rodando deteccao +10/+5 com 21 template(s), confianca 0.85.
[17:17:49] Painel Rewards detectado automaticamente: x=-59, y=47, w=480, h=885, score=10.48.
[17:17:49] Busca de bonus limitada ao painel Rewards: x=-59, y=47, w=480, h=885.
[17:17:50] Deteccao retornou 0 resultado(s).
[17:17:50] Todos os alvos encontrados ja foram clicados nessa execucao.
[17:17:50] Fim do scroll detectado e nenhum +10/+5 novo encontrado.
[17:17:50] Nenhum card com +10/+5 encontrado. Seguindo sem clicar.
[17:17:50] Conjunto diario concluido. Iniciando pesquisas...
[17:17:52] Iniciando sessao de pesquisas: 20 busca(s).
[17:17:52] Busca 1 de 20...
[17:17:52] Buscando 3 palavra(s) na API.
[17:17:52] API de palavras falhou. Usando palavras locais.
[17:17:52] Palavras locais escolhidas: ['music', 'language', 'travel']
[17:17:52] Texto da busca 1: music language travel
[17:17:52] Nova versao ativa: focando barra do Edge com Ctrl+L.
[17:17:53] Limpando barra de busca com Ctrl+A e Delete.
[17:17:54] Digitando busca letra por letra.
[17:17:57] Automacao pausada. Clique em Resumir para continuar.
[17:18:18] Cancelando automacao...
[17:18:18] Automacao interrompida pelo usuario.
[17:18:18] Finalizando thread do fluxo completo.
