[00:26:14] ======================================================================
[00:26:14] Fluxo selecionado iniciado
[00:26:14] Arquivo de log: C:\Users\giorg\Documents\GitHub\AI_REWARDS\logs\execucao_20260529_002614.log
[00:26:14] ======================================================================
[00:26:14] Iniciando fluxo selecionado...
[00:26:14] Preparando automacao completa.
[00:26:14] Coordenadas carregadas: {'icone_extensao': (-313, 64), 'double_click_scroll': (-27, 303), 'card_1': (-622, 400), 'card_2': (-596, 510), 'card_3': (-581, 608), 'voltar': (-1894, 54)}
[00:26:14] Abrindo o Microsoft Edge...
[00:26:14] Pressionando tecla Windows.
[00:26:15] Digitando app no menu iniciar: EDGE
[00:26:16] Pressionando Enter para abrir o app.
[00:26:16] Aguardando Edge abrir por 4.00s.
[00:26:20] Clicando no icone da extensao...
[00:26:20] Abrindo extensao por deteccao de imagem.
[00:26:20] Busca do alvo 'icone_extensao' limitada a area provavel: x=-1920, y=0, w=3840, h=190.
[00:26:20] Rodando deteccao do alvo 'icone_extensao' com 8 template(s), confianca 0.82, match forte 0.95.
[00:26:22] Alvo 'icone_extensao' retornou 1 resultado(s).
[00:26:22] Melhor alvo 'icone_extensao': x=1671, y=55, score=0.91, escala=1.00.
[00:26:22] Coordenada do alvo visual 'icone_extensao' salva no cache desta execucao.
[00:26:22] Clicando alvo visual 'icone_extensao': x=1671, y=55.
[00:26:22] Aguardando 4.24s (apos_icone_extensao: 2.0-5.0s).
[00:26:27] Rolando painel e procurando cards com +10/+5 ate o fim do scroll (limite de seguranca: 40).
[00:26:27] Focando area de scroll pelo alvo treinado 'Exibir painel'.
[00:26:27] Rodando deteccao do alvo 'exibir_painel' com 19 template(s), confianca 0.82, match forte 0.95.
[00:26:31] Automacao pausada. Clique em Resumir para continuar.
[00:26:45] Alvo 'exibir_painel' retornou 0 resultado(s).
[00:26:59] Cancelando automacao... aguardando etapa atual parar.
[00:26:59] Nao consegui usar 'Exibir painel'. Vou tentar pelo painel detectado automaticamente.
[00:26:59] Automacao interrompida.
[00:26:59] Finalizando thread do fluxo completo.
