[00:17:11] ======================================================================
[00:17:11] Fluxo selecionado iniciado
[00:17:11] Arquivo de log: C:\Users\giorg\Documents\GitHub\AI_REWARDS\logs\execucao_20260529_001711.log
[00:17:11] ======================================================================
[00:17:11] Iniciando fluxo selecionado...
[00:17:11] Preparando automacao completa.
[00:17:11] Coordenadas carregadas: {'icone_extensao': (-313, 64), 'double_click_scroll': (-27, 303), 'card_1': (-622, 400), 'card_2': (-596, 510), 'card_3': (-581, 608), 'voltar': (-1894, 54)}
[00:17:11] Abrindo o Microsoft Edge...
[00:17:11] Pressionando tecla Windows.
[00:17:12] Digitando app no menu iniciar: EDGE
[00:17:12] Pressionando Enter para abrir o app.
[00:17:13] Aguardando Edge abrir por 4.00s.
[00:17:17] Clicando no icone da extensao...
[00:17:17] Abrindo extensao por deteccao de imagem.
[00:17:17] Busca do alvo 'icone_extensao' limitada a area provavel: x=-1920, y=0, w=3840, h=190.
[00:17:17] Rodando deteccao do alvo 'icone_extensao' com 8 template(s), confianca 0.82, match forte 0.95.
[00:17:18] Alvo 'icone_extensao' retornou 0 resultado(s).
[00:17:18] Alvo 'icone_extensao' nao encontrado no tamanho original. Tentando busca flexivel com escalas [0.9, 0.95, 1.0, 1.05, 1.1] e confianca 0.70.
[00:17:23] Busca flexivel do alvo 'icone_extensao' retornou 0 resultado(s).
[00:17:23] Alvo 'icone_extensao' ainda nao encontrado. Tentando busca flexivel em tons de cinza.
[00:17:25] Busca flexivel em tons de cinza do alvo 'icone_extensao' retornou 4 resultado(s).
[00:17:25] Melhor alvo 'icone_extensao': x=1671, y=55, score=0.96, escala=1.00.
[00:17:25] Coordenada do alvo visual 'icone_extensao' salva no cache desta execucao.
[00:17:25] Clicando alvo visual 'icone_extensao': x=1671, y=55.
[00:17:25] Aguardando 4.80s (apos_icone_extensao: 2.0-5.0s).
[00:17:30] Rolando painel e procurando cards com +10/+5 ate o fim do scroll (limite de seguranca: 40).
[00:17:30] Focando area de scroll pelo alvo treinado 'Exibir painel'.
[00:17:30] Rodando deteccao do alvo 'exibir_painel' com 19 template(s), confianca 0.82, match forte 0.95.
[00:17:42] Alvo 'exibir_painel' retornou 0 resultado(s).
[00:17:42] Alvo 'exibir_painel' nao encontrado no tamanho original. Tentando busca flexivel com escalas [0.9, 0.95, 1.0, 1.05, 1.1] e confianca 0.70.
[00:17:58] Cancelando automacao... aguardando etapa atual parar.
[00:17:58] Busca flexivel do alvo 'exibir_painel' retornou 0 resultado(s).
[00:17:58] Nao consegui usar 'Exibir painel'. Vou tentar pelo painel detectado automaticamente.
[00:17:58] Automacao interrompida.
[00:17:58] Finalizando thread do fluxo completo.
