[01:05:49] ======================================================================
[01:05:49] Fluxo selecionado iniciado
[01:05:49] Arquivo de log: C:\Users\giorg\Documents\GitHub\AI_REWARDS\logs\execucao_20260523_010549.log
[01:05:49] ======================================================================
[01:05:49] Iniciando fluxo selecionado...
[01:05:49] Preparando automacao completa.
[01:05:49] Coordenadas carregadas: {'icone_extensao': (-313, 64), 'double_click_scroll': (-27, 303), 'card_1': (-622, 400), 'card_2': (-596, 510), 'card_3': (-581, 608), 'voltar': (-1894, 54)}
[01:05:49] Abrindo o Microsoft Edge...
[01:05:49] Pressionando tecla Windows.
[01:05:50] Digitando app no menu iniciar: EDGE
[01:05:50] Pressionando Enter para abrir o app.
[01:05:51] Aguardando Edge abrir por 4.00s.
[01:05:55] Clicando no icone da extensao...
[01:05:55] Abrindo extensao por deteccao de imagem.
[01:05:55] Rodando deteccao do alvo 'icone_extensao' com 7 template(s), confianca 0.82, match forte 0.95.
[01:05:58] Alvo 'icone_extensao' retornou 1 resultado(s).
[01:05:58] Melhor alvo 'icone_extensao': x=-309, y=68, score=1.00.
[01:05:58] Coordenada do alvo visual 'icone_extensao' salva no cache desta execucao.
[01:05:58] Clicando alvo visual 'icone_extensao': x=-309, y=68.
[01:05:59] Aguardando 4.15s (apos_icone_extensao: 2.0-5.0s).
[01:06:03] Rolando painel e procurando cards com +10/+5 ate o fim do scroll (limite de seguranca: 40).
[01:06:03] Painel Rewards detectado automaticamente: x=-501, y=125, w=480, h=885, score=10.31.
[01:06:03] Clicando uma vez no topo seguro do painel detectado: x=-111, y=159.
[01:06:04] Rolando painel (1/40)...
[01:06:04] Painel Rewards detectado automaticamente: x=-501, y=125, w=480, h=885, score=10.31.
[01:06:04] Movendo mouse para dentro do painel detectado: x=-261, y=567.
[01:06:05] Painel Rewards detectado automaticamente: x=-501, y=125, w=480, h=885, score=10.31.
[01:06:05] Detector de fim do scroll usando regiao x=-501, y=125, w=480, h=885.
[01:06:05] Rolando mouse em 5 passo(s), direcao=-1.
[01:06:05] Scroll do mouse 1/5.
[01:06:05] Scroll do mouse 2/5.
[01:06:05] Scroll do mouse 3/5.
[01:06:05] Scroll do mouse 4/5.
[01:06:06] Scroll do mouse 5/5.
[01:06:07] Painel Rewards detectado automaticamente: x=-501, y=125, w=480, h=885, score=10.31.
[01:06:07] Scroll interno detectado por barra cinza: antes_y=353, depois_y=499, delta=146, fim=False.
[01:06:07] Procurando +10/+5 na area visivel...
[01:06:07] Rodando deteccao +10/+5 com 21 template(s), confianca 0.85.
[01:06:07] Painel Rewards detectado automaticamente: x=-501, y=125, w=480, h=885, score=10.31.
[01:06:07] Busca de bonus limitada ao painel Rewards: x=-501, y=125, w=480, h=885.
[01:06:09] Deteccao retornou 0 resultado(s).
[01:06:09] Todos os alvos encontrados ja foram clicados nessa execucao.
[01:06:09] Nenhum +10/+5 encontrado depois desse scroll.
[01:06:09] Rolando painel (2/40)...
[01:06:09] Painel Rewards detectado automaticamente: x=-501, y=125, w=480, h=885, score=10.31.
[01:06:09] Movendo mouse para dentro do painel detectado: x=-261, y=567.
[01:06:10] Painel Rewards detectado automaticamente: x=-501, y=125, w=480, h=885, score=10.31.
[01:06:10] Detector de fim do scroll usando regiao x=-501, y=125, w=480, h=885.
[01:06:10] Rolando mouse em 5 passo(s), direcao=-1.
[01:06:10] Scroll do mouse 1/5.
[01:06:10] Scroll do mouse 2/5.
[01:06:10] Scroll do mouse 3/5.
[01:06:10] Scroll do mouse 4/5.
[01:06:11] Scroll do mouse 5/5.
[01:06:12] Painel Rewards detectado automaticamente: x=-501, y=125, w=480, h=885, score=10.31.
[01:06:12] Scroll interno detectado por barra cinza: antes_y=499, depois_y=675, delta=176, fim=False.
[01:06:12] Procurando +10/+5 na area visivel...
[01:06:12] Rodando deteccao +10/+5 com 21 template(s), confianca 0.85.
[01:06:12] Painel Rewards detectado automaticamente: x=-501, y=125, w=480, h=885, score=10.31.
[01:06:12] Busca de bonus limitada ao painel Rewards: x=-501, y=125, w=480, h=885.
[01:06:13] Deteccao retornou 3 resultado(s).
[01:06:13] Alvo validado como bonus com '+': x=-105, y=493, h=12/9, v=12/6.
[01:06:13] Melhor alvo bonus: x=-105, y=493, score=0.94, template=C:\Users\giorg\Documents\GitHub\AI_REWARDS\assets\treino_plus_10\plus_10_20260522_131512_900621.png.
[01:06:13] Card bonus encontrado (1/3). Clicando...
[01:06:13] Movendo mouse para alvo detectado: x=-105, y=493 (offset 0, 0).
[01:06:13] Enviando clique no card detectado.
[01:06:13] Aguardando 3.14s (apos_card_detectado: 2.0-5.0s).
[01:06:17] Rodando deteccao do alvo 'voltar' com 3 template(s), confianca 0.82, match forte 0.95.
[01:06:17] Alvo 'voltar' retornou 1 resultado(s).
[01:06:17] Melhor alvo 'voltar': x=-1885, y=67, score=1.00.
[01:06:17] Coordenada do alvo visual 'voltar' salva no cache desta execucao.
[01:06:17] Clicando alvo visual 'voltar': x=-1885, y=67.
[01:06:17] Aguardando 4.54s (apos_voltar_card_detectado: 2.0-5.0s).
[01:06:22] Rolando painel (3/40)...
[01:06:23] Painel Rewards detectado automaticamente: x=-501, y=125, w=480, h=885, score=10.31.
[01:06:23] Movendo mouse para dentro do painel detectado: x=-261, y=567.
[01:06:23] Painel Rewards detectado automaticamente: x=-501, y=125, w=480, h=885, score=10.31.
[01:06:23] Detector de fim do scroll usando regiao x=-501, y=125, w=480, h=885.
[01:06:23] Rolando mouse em 5 passo(s), direcao=-1.
[01:06:23] Scroll do mouse 1/5.
[01:06:24] Scroll do mouse 2/5.
[01:06:24] Scroll do mouse 3/5.
[01:06:24] Scroll do mouse 4/5.
[01:06:24] Scroll do mouse 5/5.
[01:06:25] Painel Rewards detectado automaticamente: x=-501, y=125, w=480, h=885, score=10.31.
[01:06:25] Scroll interno detectado por barra cinza: antes_y=675, depois_y=793, delta=118, fim=False.
[01:06:25] Procurando +10/+5 na area visivel...
[01:06:25] Rodando deteccao +10/+5 com 21 template(s), confianca 0.85.
[01:06:26] Painel Rewards detectado automaticamente: x=-501, y=125, w=480, h=885, score=10.31.
[01:06:26] Busca de bonus limitada ao painel Rewards: x=-501, y=125, w=480, h=885.
[01:06:27] Deteccao retornou 0 resultado(s).
[01:06:27] Todos os alvos encontrados ja foram clicados nessa execucao.
[01:06:27] Nenhum +10/+5 encontrado depois desse scroll.
[01:06:27] Rolando painel (4/40)...
[01:06:28] Painel Rewards detectado automaticamente: x=-501, y=125, w=480, h=885, score=10.31.
[01:06:28] Movendo mouse para dentro do painel detectado: x=-261, y=567.
[01:06:29] Painel Rewards detectado automaticamente: x=-501, y=125, w=480, h=885, score=10.31.
[01:06:29] Detector de fim do scroll usando regiao x=-501, y=125, w=480, h=885.
[01:06:29] Rolando mouse em 5 passo(s), direcao=-1.
[01:06:29] Scroll do mouse 1/5.
[01:06:29] Scroll do mouse 2/5.
[01:06:29] Scroll do mouse 3/5.
[01:06:29] Scroll do mouse 4/5.
[01:06:29] Scroll do mouse 5/5.
[01:06:30] Painel Rewards detectado automaticamente: x=-501, y=125, w=480, h=885, score=10.31.
[01:06:30] Scroll interno detectado por barra cinza: antes_y=793, depois_y=916, delta=123, fim=True.
[01:06:30] Detector da barra interna indicou fim do scroll.
[01:06:30] Procurando +10/+5 na area visivel...
[01:06:31] Rodando deteccao +10/+5 com 21 template(s), confianca 0.85.
[01:06:31] Painel Rewards detectado automaticamente: x=-501, y=125, w=480, h=885, score=10.31.
[01:06:31] Busca de bonus limitada ao painel Rewards: x=-501, y=125, w=480, h=885.
[01:06:31] Deteccao retornou 2 resultado(s).
[01:06:31] Alvo ignorado: parece selo concluido/sem '+'. x=-82, y=530, score=0.96, motivo=sem geometria de +, h=6/8, v=3/6.
[01:06:31] Alvo ignorado: parece selo concluido/sem '+'. x=-82, y=602, score=0.94, motivo=sem geometria de +, h=6/8, v=3/6.
[01:06:31] Todos os alvos encontrados ja foram clicados nessa execucao.
[01:06:31] Fim do scroll detectado e nenhum +10/+5 novo encontrado.
[01:06:31] 1 card(s) bonus executado(s).
[01:06:31] Conjunto diario concluido. Iniciando pesquisas...
[01:06:36] Iniciando sessao de pesquisas: 20 busca(s).
[01:06:36] Busca 1 de 20...
[01:06:36] Buscando 3 palavra(s) na API.
[01:06:36] API de palavras falhou. Usando palavras locais.
[01:06:36] Palavras locais escolhidas: ['garden', 'space', 'garden']
[01:06:36] Texto da busca 1: garden space garden
[01:06:36] Nova versao ativa: focando barra do Edge com Ctrl+L.
[01:06:37] Limpando barra de busca com Ctrl+A e Delete.
[01:06:38] Digitando busca letra por letra.
[01:06:43] Pressionando Enter para pesquisar.
[01:06:43] Aguardando 5.92s ate a proxima busca.
[01:06:49] Busca 2 de 20...
[01:06:49] Buscando 1 palavra(s) na API.
[01:06:49] API de palavras falhou. Usando palavras locais.
[01:06:49] Palavras locais escolhidas: ['history']
[01:06:49] Texto da busca 2: history
[01:06:49] Nova versao ativa: focando barra do Edge com Ctrl+L.
[01:06:50] Limpando barra de busca com Ctrl+A e Delete.
[01:06:51] Digitando busca letra por letra.
[01:06:53] Pressionando Enter para pesquisar.
[01:06:53] Aguardando 7.87s ate a proxima busca.
[01:07:00] Automacao interrompida pelo usuario.
[01:07:00] Finalizando thread do fluxo completo.
